Release 14.7 - xst P.20131013 (nt64)
Copyright (c) 1995-2013 Xilinx, Inc.  All rights reserved.
--> Parameter TMPDIR set to xst/projnav.tmp


Total REAL time to Xst completion: 0.00 secs
Total CPU time to Xst completion: 0.06 secs
 
--> Parameter xsthdpdir set to xst


Total REAL time to Xst completion: 0.00 secs
Total CPU time to Xst completion: 0.06 secs
 
--> Reading design: SSD_Decoder.prj

TABLE OF CONTENTS
  1) Synthesis Options Summary
  2) HDL Parsing
  3) HDL Elaboration
  4) HDL Synthesis
       4.1) HDL Synthesis Report
  5) Advanced HDL Synthesis
       5.1) Advanced HDL Synthesis Report
  6) Low Level Synthesis
  7) Partition Report
  8) Design Summary
       8.1) Primitive and Black Box Usage
       8.2) Device utilization summary
       8.3) Partition Resource Summary
       8.4) Timing Report
            8.4.1) Clock Information
            8.4.2) Asynchronous Control Signals Information
            8.4.3) Timing Summary
            8.4.4) Timing Details
            8.4.5) Cross Clock Domains Report


=========================================================================
*                      Synthesis Options Summary                        *
=========================================================================
---- Source Parameters
Input File Name                    : "SSD_Decoder.prj"
Ignore Synthesis Constraint File   : NO

---- Target Parameters
Output File Name                   : "SSD_Decoder"
Output Format                      : NGC
Target Device                      : xc6slx16-3-csg324

---- Source Options
Top Module Name                    : SSD_Decoder
Automatic FSM Extraction           : YES
FSM Encoding Algorithm             : Auto
Safe Implementation                : No
FSM Style                          : LUT
RAM Extraction                     : Yes
RAM Style                          : Auto
ROM Extraction                     : Yes
Shift Register Extraction          : YES
ROM Style                          : Auto
Resource Sharing                   : YES
Asynchronous To Synchronous        : NO
Shift Register Minimum Size        : 2
Use DSP Block                      : Auto
Automatic Register Balancing       : No

---- Target Options
LUT Combining                      : Auto
Reduce Control Sets                : Auto
Add IO Buffers                     : YES
Global Maximum Fanout              : 100000
Add Generic Clock Buffer(BUFG)     : 16
Register Duplication               : YES
Optimize Instantiated Primitives   : NO
Use Clock Enable                   : Auto
Use Synchronous Set                : Auto
Use Synchronous Reset              : Auto
Pack IO Registers into IOBs        : Auto
Equivalent register Removal        : YES

---- General Options
Optimization Goal                  : Speed
Optimization Effort                : 1
Power Reduction                    : NO
Keep Hierarchy                     : No
Netlist Hierarchy                  : As_Optimized
RTL Output                         : Yes
Global Optimization                : AllClockNets
Read Cores                         : YES
Write Timing Constraints           : NO
Cross Clock Analysis               : NO
Hierarchy Separator                : /
Bus Delimiter                      : <>
Case Specifier                     : Maintain
Slice Utilization Ratio            : 100
BRAM Utilization Ratio             : 100
DSP48 Utilization Ratio            : 100
Auto BRAM Packing                  : NO
Slice Utilization Ratio Delta      : 5

=========================================================================


=========================================================================
*                          HDL Parsing                                  *
=========================================================================
Analyzing Verilog file "D:\103061142\Lab3_2\freq_div.v" into library work
Parsing module <freq_div>.
Analyzing Verilog file "D:\103061142\Lab3_2\bin_up_counter.v" into library work
Parsing module <bin_up_counter>.
Analyzing Verilog file "D:\103061142\Lab3_2\SSD_Decoder.v" into library work
Parsing module <SSD_Decoder>.

=========================================================================
*                            HDL Elaboration                            *
=========================================================================

Elaborating module <SSD_Decoder>.

Elaborating module <bin_up_counter>.

Elaborating module <freq_div>.

=========================================================================
*                           HDL Synthesis                               *
=========================================================================

Synthesizing Unit <SSD_Decoder>.
    Related source file is "D:\103061142\Lab3_2\SSD_Decoder.v".
    Found 16x15-bit Read Only RAM for signal <D_ssd>
    Summary:
	inferred   1 RAM(s).
Unit <SSD_Decoder> synthesized.

Synthesizing Unit <bin_up_counter>.
    Related source file is "D:\103061142\Lab3_2\bin_up_counter.v".
    Found 4-bit register for signal <bcd>.
    Found 4-bit adder for signal <bcd[3]_GND_2_o_add_1_OUT> created at line 40.
    Found 4-bit comparator lessequal for signal <n0001> created at line 39
    Summary:
	inferred   1 Adder/Subtractor(s).
	inferred   4 D-type flip-flop(s).
	inferred   1 Comparator(s).
	inferred   1 Multiplexer(s).
Unit <bin_up_counter> synthesized.

Synthesizing Unit <freq_div>.
    Related source file is "D:\103061142\Lab3_2\freq_div.v".
    Found 24-bit register for signal <cnt>.
    Found 1-bit register for signal <clk_out>.
    Found 25-bit adder for signal <cnt_tmp> created at line 35.
    Summary:
	inferred   1 Adder/Subtractor(s).
	inferred  25 D-type flip-flop(s).
Unit <freq_div> synthesized.

=========================================================================
HDL Synthesis Report

Macro Statistics
# RAMs                                                 : 1
 16x15-bit single-port Read Only RAM                   : 1
# Adders/Subtractors                                   : 2
 25-bit adder                                          : 1
 4-bit adder                                           : 1
# Registers                                            : 3
 1-bit register                                        : 1
 24-bit register                                       : 1
 4-bit register                                        : 1
# Comparators                                          : 1
 4-bit comparator lessequal                            : 1
# Multiplexers                                         : 1
 4-bit 2-to-1 multiplexer                              : 1

=========================================================================

=========================================================================
*                       Advanced HDL Synthesis                          *
=========================================================================


Synthesizing (advanced) Unit <SSD_Decoder>.
INFO:Xst:3218 - HDL ADVISOR - The RAM <Mram_D_ssd> will be implemented on LUTs either because you have described an asynchronous read or because of currently unsupported block RAM features. If you have described an asynchronous read, making it synchronous would allow you to take advantage of available block RAM resources, for optimized device usage and improved timings. Please refer to your documentation for coding guidelines.
    -----------------------------------------------------------------------
    | ram_type           | Distributed                         |          |
    -----------------------------------------------------------------------
    | Port A                                                              |
    |     aspect ratio   | 16-word x 15-bit                    |          |
    |     weA            | connected to signal <GND>           | high     |
    |     addrA          | connected to signal <d>             |          |
    |     diA            | connected to signal <GND>           |          |
    |     doA            | connected to signal <D_ssd>         |          |
    -----------------------------------------------------------------------
Unit <SSD_Decoder> synthesized (advanced).

Synthesizing (advanced) Unit <bin_up_counter>.
The following registers are absorbed into counter <bcd>: 1 register on signal <bcd>.
Unit <bin_up_counter> synthesized (advanced).

=========================================================================
Advanced HDL Synthesis Report

Macro Statistics
# RAMs                                                 : 1
 16x15-bit single-port distributed Read Only RAM       : 1
# Adders/Subtractors                                   : 1
 25-bit adder                                          : 1
# Counters                                             : 1
 4-bit up counter                                      : 1
# Registers                                            : 25
 Flip-Flops                                            : 25
# Comparators                                          : 1
 4-bit comparator lessequal                            : 1

=========================================================================

=========================================================================
*                         Low Level Synthesis                           *
=========================================================================

Optimizing unit <SSD_Decoder> ...

Optimizing unit <freq_div> ...

Mapping all equations...
Building and optimizing final netlist ...
Found area constraint ratio of 100 (+ 5) on block SSD_Decoder, actual ratio is 0.

Final Macro Processing ...

=========================================================================
Final Register Report

Macro Statistics
# Registers                                            : 29
 Flip-Flops                                            : 29

=========================================================================

=========================================================================
*                           Partition Report                            *
=========================================================================

Partition Implementation Status
-------------------------------

  No Partitions were found in this design.

-------------------------------

=========================================================================
*                            Design Summary                             *
=========================================================================

Top Level Output File Name         : SSD_Decoder.ngc

Primitive and Black Box Usage:
------------------------------
# BELS                             : 89
#      GND                         : 1
#      INV                         : 2
#      LUT1                        : 24
#      LUT3                        : 1
#      LUT4                        : 11
#      MUXCY                       : 24
#      VCC                         : 1
#      XORCY                       : 25
# FlipFlops/Latches                : 29
#      FDC                         : 29
# Clock Buffers                    : 1
#      BUFGP                       : 1
# IO Buffers                       : 20
#      IBUF                        : 1
#      OBUF                        : 19

Device utilization summary:
---------------------------

Selected Device : 6slx16csg324-3 


Slice Logic Utilization: 
 Number of Slice Registers:              29  out of  18224     0%  
 Number of Slice LUTs:                   38  out of   9112     0%  
    Number used as Logic:                38  out of   9112     0%  

Slice Logic Distribution: 
 Number of LUT Flip Flop pairs used:     38
   Number with an unused Flip Flop:       9  out of     38    23%  
   Number with an unused LUT:             0  out of     38     0%  
   Number of fully used LUT-FF pairs:    29  out of     38    76%  
   Number of unique control sets:         2

IO Utilization: 
 Number of IOs:                          21
 Number of bonded IOBs:                  21  out of    232     9%  

Specific Feature Utilization:
 Number of BUFG/BUFGCTRLs:                1  out of     16     6%  

---------------------------
Partition Resource Summary:
---------------------------

  No Partitions were found in this design.

---------------------------


=========================================================================
Timing Report

NOTE: THESE TIMING NUMBERS ARE ONLY A SYNTHESIS ESTIMATE.
      FOR ACCURATE TIMING INFORMATION PLEASE REFER TO THE TRACE REPORT
      GENERATED AFTER PLACE-and-ROUTE.

Clock Information:
------------------
-----------------------------------+------------------------+-------+
Clock Signal                       | Clock buffer(FF name)  | Load  |
-----------------------------------+------------------------+-------+
CNT/CLK/clk_out                    | NONE(CNT/bcd_0)        | 4     |
freq                               | BUFGP                  | 25    |
-----------------------------------+------------------------+-------+
INFO:Xst:2169 - HDL ADVISOR - Some clock signals were not automatically buffered by XST with BUFG/BUFR resources. Please use the buffer_type constraint in order to insert these buffers to the clock signals to help prevent skew problems.

Asynchronous Control Signals Information:
----------------------------------------
No asynchronous control signals found in this design

Timing Summary:
---------------
Speed Grade: -3

   Minimum period: 2.123ns (Maximum Frequency: 471.065MHz)
   Minimum input arrival time before clock: 3.685ns
   Maximum output required time after clock: 5.018ns
   Maximum combinational path delay: No path found

Timing Details:
---------------
All values displayed in nanoseconds (ns)

=========================================================================
Timing constraint: Default period analysis for Clock 'CNT/CLK/clk_out'
  Clock period: 1.932ns (frequency: 517.478MHz)
  Total number of paths / destination ports: 15 / 4
-------------------------------------------------------------------------
Delay:               1.932ns (Levels of Logic = 1)
  Source:            CNT/bcd_0 (FF)
  Destination:       CNT/bcd_0 (FF)
  Source Clock:      CNT/CLK/clk_out rising
  Destination Clock: CNT/CLK/clk_out rising

  Data Path: CNT/bcd_0 to CNT/bcd_0
                                Gate     Net
    Cell:in->out      fanout   Delay   Delay  Logical Name (Net Name)
    ----------------------------------------  ------------
     FDC:C->Q             13   0.447   1.180  CNT/bcd_0 (CNT/bcd_0)
     LUT4:I0->O            1   0.203   0.000  CNT/Mcount_bcd_xor<0>11 (CNT/Mcount_bcd)
     FDC:D                     0.102          CNT/bcd_0
    ----------------------------------------
    Total                      1.932ns (0.752ns logic, 1.180ns route)
                                       (38.9% logic, 61.1% route)

=========================================================================
Timing constraint: Default period analysis for Clock 'freq'
  Clock period: 2.123ns (frequency: 471.065MHz)
  Total number of paths / destination ports: 325 / 25
-------------------------------------------------------------------------
Delay:               2.123ns (Levels of Logic = 26)
  Source:            CNT/CLK/cnt_0 (FF)
  Destination:       CNT/CLK/clk_out (FF)
  Source Clock:      freq rising
  Destination Clock: freq rising

  Data Path: CNT/CLK/cnt_0 to CNT/CLK/clk_out
                                Gate     Net
    Cell:in->out      fanout   Delay   Delay  Logical Name (Net Name)
    ----------------------------------------  ------------
     FDC:C->Q              1   0.447   0.579  CNT/CLK/cnt_0 (CNT/CLK/cnt_0)
     INV:I->O              1   0.206   0.000  CNT/CLK/Madd_cnt_tmp_lut<0>_INV_0 (CNT/CLK/Madd_cnt_tmp_lut<0>)
     MUXCY:S->O            1   0.172   0.000  CNT/CLK/Madd_cnt_tmp_cy<0> (CNT/CLK/Madd_cnt_tmp_cy<0>)
     MUXCY:CI->O           1   0.019   0.000  CNT/CLK/Madd_cnt_tmp_cy<1> (CNT/CLK/Madd_cnt_tmp_cy<1>)
     MUXCY:CI->O           1   0.019   0.000  CNT/CLK/Madd_cnt_tmp_cy<2> (CNT/CLK/Madd_cnt_tmp_cy<2>)
     MUXCY:CI->O           1   0.019   0.000  CNT/CLK/Madd_cnt_tmp_cy<3> (CNT/CLK/Madd_cnt_tmp_cy<3>)
     MUXCY:CI->O           1   0.019   0.000  CNT/CLK/Madd_cnt_tmp_cy<4> (CNT/CLK/Madd_cnt_tmp_cy<4>)
     MUXCY:CI->O           1   0.019   0.000  CNT/CLK/Madd_cnt_tmp_cy<5> (CNT/CLK/Madd_cnt_tmp_cy<5>)
     MUXCY:CI->O           1   0.019   0.000  CNT/CLK/Madd_cnt_tmp_cy<6> (CNT/CLK/Madd_cnt_tmp_cy<6>)
     MUXCY:CI->O           1   0.019   0.000  CNT/CLK/Madd_cnt_tmp_cy<7> (CNT/CLK/Madd_cnt_tmp_cy<7>)
     MUXCY:CI->O           1   0.019   0.000  CNT/CLK/Madd_cnt_tmp_cy<8> (CNT/CLK/Madd_cnt_tmp_cy<8>)
     MUXCY:CI->O           1   0.019   0.000  CNT/CLK/Madd_cnt_tmp_cy<9> (CNT/CLK/Madd_cnt_tmp_cy<9>)
     MUXCY:CI->O           1   0.019   0.000  CNT/CLK/Madd_cnt_tmp_cy<10> (CNT/CLK/Madd_cnt_tmp_cy<10>)
     MUXCY:CI->O           1   0.019   0.000  CNT/CLK/Madd_cnt_tmp_cy<11> (CNT/CLK/Madd_cnt_tmp_cy<11>)
     MUXCY:CI->O           1   0.019   0.000  CNT/CLK/Madd_cnt_tmp_cy<12> (CNT/CLK/Madd_cnt_tmp_cy<12>)
     MUXCY:CI->O           1   0.019   0.000  CNT/CLK/Madd_cnt_tmp_cy<13> (CNT/CLK/Madd_cnt_tmp_cy<13>)
     MUXCY:CI->O           1   0.019   0.000  CNT/CLK/Madd_cnt_tmp_cy<14> (CNT/CLK/Madd_cnt_tmp_cy<14>)
     MUXCY:CI->O           1   0.019   0.000  CNT/CLK/Madd_cnt_tmp_cy<15> (CNT/CLK/Madd_cnt_tmp_cy<15>)
     MUXCY:CI->O           1   0.019   0.000  CNT/CLK/Madd_cnt_tmp_cy<16> (CNT/CLK/Madd_cnt_tmp_cy<16>)
     MUXCY:CI->O           1   0.019   0.000  CNT/CLK/Madd_cnt_tmp_cy<17> (CNT/CLK/Madd_cnt_tmp_cy<17>)
     MUXCY:CI->O           1   0.019   0.000  CNT/CLK/Madd_cnt_tmp_cy<18> (CNT/CLK/Madd_cnt_tmp_cy<18>)
     MUXCY:CI->O           1   0.019   0.000  CNT/CLK/Madd_cnt_tmp_cy<19> (CNT/CLK/Madd_cnt_tmp_cy<19>)
     MUXCY:CI->O           1   0.019   0.000  CNT/CLK/Madd_cnt_tmp_cy<20> (CNT/CLK/Madd_cnt_tmp_cy<20>)
     MUXCY:CI->O           1   0.019   0.000  CNT/CLK/Madd_cnt_tmp_cy<21> (CNT/CLK/Madd_cnt_tmp_cy<21>)
     MUXCY:CI->O           1   0.019   0.000  CNT/CLK/Madd_cnt_tmp_cy<22> (CNT/CLK/Madd_cnt_tmp_cy<22>)
     MUXCY:CI->O           0   0.019   0.000  CNT/CLK/Madd_cnt_tmp_cy<23> (CNT/CLK/Madd_cnt_tmp_cy<23>)
     XORCY:CI->O           1   0.180   0.000  CNT/CLK/Madd_cnt_tmp_xor<24> (CNT/CLK/cnt_tmp<24>)
     FDC:D                     0.102          CNT/CLK/clk_out
    ----------------------------------------
    Total                      2.123ns (1.544ns logic, 0.579ns route)
                                       (72.7% logic, 27.3% route)

=========================================================================
Timing constraint: Default OFFSET IN BEFORE for Clock 'CNT/CLK/clk_out'
  Total number of paths / destination ports: 4 / 4
-------------------------------------------------------------------------
Offset:              3.685ns (Levels of Logic = 2)
  Source:            rst_n (PAD)
  Destination:       CNT/bcd_0 (FF)
  Destination Clock: CNT/CLK/clk_out rising

  Data Path: rst_n to CNT/bcd_0
                                Gate     Net
    Cell:in->out      fanout   Delay   Delay  Logical Name (Net Name)
    ----------------------------------------  ------------
     IBUF:I->O             1   1.222   0.579  rst_n_IBUF (rst_n_IBUF)
     INV:I->O             29   0.206   1.249  rst_n_inv1_INV_0 (CNT/CLK/rst_n_inv)
     FDC:CLR                   0.430          CNT/bcd_0
    ----------------------------------------
    Total                      3.685ns (1.858ns logic, 1.827ns route)
                                       (50.4% logic, 49.6% route)

=========================================================================
Timing constraint: Default OFFSET IN BEFORE for Clock 'freq'
  Total number of paths / destination ports: 25 / 25
-------------------------------------------------------------------------
Offset:              3.685ns (Levels of Logic = 2)
  Source:            rst_n (PAD)
  Destination:       CNT/CLK/cnt_23 (FF)
  Destination Clock: freq rising

  Data Path: rst_n to CNT/CLK/cnt_23
                                Gate     Net
    Cell:in->out      fanout   Delay   Delay  Logical Name (Net Name)
    ----------------------------------------  ------------
     IBUF:I->O             1   1.222   0.579  rst_n_IBUF (rst_n_IBUF)
     INV:I->O             29   0.206   1.249  rst_n_inv1_INV_0 (CNT/CLK/rst_n_inv)
     FDC:CLR                   0.430          CNT/CLK/clk_out
    ----------------------------------------
    Total                      3.685ns (1.858ns logic, 1.827ns route)
                                       (50.4% logic, 49.6% route)

=========================================================================
Timing constraint: Default OFFSET OUT AFTER for Clock 'CNT/CLK/clk_out'
  Total number of paths / destination ports: 44 / 14
-------------------------------------------------------------------------
Offset:              5.018ns (Levels of Logic = 2)
  Source:            CNT/bcd_3 (FF)
  Destination:       D_ssd<8> (PAD)
  Source Clock:      CNT/CLK/clk_out rising

  Data Path: CNT/bcd_3 to D_ssd<8>
                                Gate     Net
    Cell:in->out      fanout   Delay   Delay  Logical Name (Net Name)
    ----------------------------------------  ------------
     FDC:C->Q             13   0.447   1.180  CNT/bcd_3 (CNT/bcd_3)
     LUT4:I0->O            2   0.203   0.616  D_ssd<5>1 (D_ssd_5_OBUF)
     OBUF:I->O                 2.571          D_ssd_5_OBUF (D_ssd<5>)
    ----------------------------------------
    Total                      5.018ns (3.221ns logic, 1.797ns route)
                                       (64.2% logic, 35.8% route)

=========================================================================

Cross Clock Domains Report:
--------------------------

Clock to Setup on destination clock CNT/CLK/clk_out
---------------+---------+---------+---------+---------+
               | Src:Rise| Src:Fall| Src:Rise| Src:Fall|
Source Clock   |Dest:Rise|Dest:Rise|Dest:Fall|Dest:Fall|
---------------+---------+---------+---------+---------+
CNT/CLK/clk_out|    1.932|         |         |         |
---------------+---------+---------+---------+---------+

Clock to Setup on destination clock freq
---------------+---------+---------+---------+---------+
               | Src:Rise| Src:Fall| Src:Rise| Src:Fall|
Source Clock   |Dest:Rise|Dest:Rise|Dest:Fall|Dest:Fall|
---------------+---------+---------+---------+---------+
freq           |    2.123|         |         |         |
---------------+---------+---------+---------+---------+

=========================================================================


Total REAL time to Xst completion: 4.00 secs
Total CPU time to Xst completion: 3.92 secs
 
--> 

Total memory usage is 255172 kilobytes

Number of errors   :    0 (   0 filtered)
Number of warnings :    0 (   0 filtered)
Number of infos    :    2 (   0 filtered)

