Release 14.7 - xst P.20131013 (nt64)
Copyright (c) 1995-2013 Xilinx, Inc.  All rights reserved.
--> Parameter TMPDIR set to xst/projnav.tmp


Total REAL time to Xst completion: 0.00 secs
Total CPU time to Xst completion: 0.09 secs
 
--> Parameter xsthdpdir set to xst


Total REAL time to Xst completion: 0.00 secs
Total CPU time to Xst completion: 0.09 secs
 
--> Reading design: timer.prj

TABLE OF CONTENTS
  1) Synthesis Options Summary
  2) HDL Parsing
  3) HDL Elaboration
  4) HDL Synthesis
       4.1) HDL Synthesis Report
  5) Advanced HDL Synthesis
       5.1) Advanced HDL Synthesis Report
  6) Low Level Synthesis
  7) Partition Report
  8) Design Summary
       8.1) Primitive and Black Box Usage
       8.2) Device utilization summary
       8.3) Partition Resource Summary
       8.4) Timing Report
            8.4.1) Clock Information
            8.4.2) Asynchronous Control Signals Information
            8.4.3) Timing Summary
            8.4.4) Timing Details
            8.4.5) Cross Clock Domains Report


=========================================================================
*                      Synthesis Options Summary                        *
=========================================================================
---- Source Parameters
Input File Name                    : "timer.prj"
Ignore Synthesis Constraint File   : NO

---- Target Parameters
Output File Name                   : "timer"
Output Format                      : NGC
Target Device                      : xc6slx16-3-csg324

---- Source Options
Top Module Name                    : timer
Automatic FSM Extraction           : YES
FSM Encoding Algorithm             : Auto
Safe Implementation                : No
FSM Style                          : LUT
RAM Extraction                     : Yes
RAM Style                          : Auto
ROM Extraction                     : Yes
Shift Register Extraction          : YES
ROM Style                          : Auto
Resource Sharing                   : YES
Asynchronous To Synchronous        : NO
Shift Register Minimum Size        : 2
Use DSP Block                      : Auto
Automatic Register Balancing       : No

---- Target Options
LUT Combining                      : Auto
Reduce Control Sets                : Auto
Add IO Buffers                     : YES
Global Maximum Fanout              : 100000
Add Generic Clock Buffer(BUFG)     : 16
Register Duplication               : YES
Optimize Instantiated Primitives   : NO
Use Clock Enable                   : Auto
Use Synchronous Set                : Auto
Use Synchronous Reset              : Auto
Pack IO Registers into IOBs        : Auto
Equivalent register Removal        : YES

---- General Options
Optimization Goal                  : Speed
Optimization Effort                : 1
Power Reduction                    : NO
Keep Hierarchy                     : No
Netlist Hierarchy                  : As_Optimized
RTL Output                         : Yes
Global Optimization                : AllClockNets
Read Cores                         : YES
Write Timing Constraints           : NO
Cross Clock Analysis               : NO
Hierarchy Separator                : /
Bus Delimiter                      : <>
Case Specifier                     : Maintain
Slice Utilization Ratio            : 100
BRAM Utilization Ratio             : 100
DSP48 Utilization Ratio            : 100
Auto BRAM Packing                  : NO
Slice Utilization Ratio Delta      : 5

=========================================================================


=========================================================================
*                          HDL Parsing                                  *
=========================================================================
Analyzing Verilog file "D:\Programming\EE2230\Lab8_2\upcounter_unit.v" into library work
Parsing verilog file "global.v" included at line 7.
Parsing module <upcounter_unit>.
Analyzing Verilog file "D:\Programming\EE2230\Lab8_2\upcounter_tens.v" into library work
Parsing verilog file "global.v" included at line 7.
Parsing module <upcounter_tens>.
Analyzing Verilog file "D:\Programming\EE2230\Lab8_2\one_pulse.v" into library work
Parsing verilog file "global.v" included at line 9.
Parsing module <one_pulse>.
Analyzing Verilog file "D:\Programming\EE2230\Lab8_2\downcounter_unit.v" into library work
Parsing verilog file "global.v" included at line 7.
Parsing module <downcounter_unit>.
Analyzing Verilog file "D:\Programming\EE2230\Lab8_2\debounce_circuit.v" into library work
Parsing verilog file "global.v" included at line 9.
Parsing module <debounce_circuit>.
Analyzing Verilog file "D:\Programming\EE2230\Lab8_2\push_button.v" into library work
Parsing module <push_button>.
Analyzing Verilog file "D:\Programming\EE2230\Lab8_2\FTSD_scan.v" into library work
Parsing verilog file "global.v" included at line 7.
Parsing module <FTSD_scan>.
Analyzing Verilog file "D:\Programming\EE2230\Lab8_2\FTSD_decoder.v" into library work
Parsing verilog file "global.v" included at line 7.
Parsing module <FTSD_decoder>.
Analyzing Verilog file "D:\Programming\EE2230\Lab8_2\frequency_divider.v" into library work
Parsing verilog file "global.v" included at line 9.
Parsing module <frequency_divider>.
Analyzing Verilog file "D:\Programming\EE2230\Lab8_2\downcounter_tens.v" into library work
Parsing verilog file "global.v" included at line 7.
Parsing module <downcounter_tens>.
Analyzing Verilog file "D:\Programming\EE2230\Lab8_2\downcounter_control.v" into library work
Parsing verilog file "global.v" included at line 7.
Parsing module <downcounter_control>.
Analyzing Verilog file "D:\Programming\EE2230\Lab8_2\cnt_setting.v" into library work
Parsing module <cnt_setting>.
Analyzing Verilog file "D:\Programming\EE2230\Lab8_2\timer.v" into library work
Parsing module <timer>.

=========================================================================
*                            HDL Elaboration                            *
=========================================================================

Elaborating module <timer>.

Elaborating module <frequency_divider>.

Elaborating module <push_button>.

Elaborating module <debounce_circuit>.

Elaborating module <one_pulse>.

Elaborating module <cnt_setting>.

Elaborating module <upcounter_tens>.

Elaborating module <upcounter_unit>.
WARNING:HDLCompiler:1127 - "D:\Programming\EE2230\Lab8_2\upcounter_tens.v" Line 59: Assignment to cout_d1 ignored, since the identifier is never used

Elaborating module <downcounter_control>.

Elaborating module <downcounter_tens>.

Elaborating module <downcounter_unit>.
WARNING:HDLCompiler:1127 - "D:\Programming\EE2230\Lab8_2\downcounter_tens.v" Line 73: Assignment to cout_d1 ignored, since the identifier is never used
WARNING:HDLCompiler:1127 - "D:\Programming\EE2230\Lab8_2\timer.v" Line 116: Assignment to cout_min ignored, since the identifier is never used

Elaborating module <FTSD_decoder>.

Elaborating module <FTSD_scan>.

=========================================================================
*                           HDL Synthesis                               *
=========================================================================

Synthesizing Unit <timer>.
    Related source file is "D:\Programming\EE2230\Lab8_2\timer.v".
INFO:Xst:3210 - "D:\Programming\EE2230\Lab8_2\timer.v" line 50: Output port <debounced> of the instance <pb_in_1> is unconnected or connected to loadless signal.
INFO:Xst:3210 - "D:\Programming\EE2230\Lab8_2\timer.v" line 58: Output port <debounced> of the instance <pb_in_2> is unconnected or connected to loadless signal.
INFO:Xst:3210 - "D:\Programming\EE2230\Lab8_2\timer.v" line 66: Output port <debounced> of the instance <pb_in_set_1> is unconnected or connected to loadless signal.
INFO:Xst:3210 - "D:\Programming\EE2230\Lab8_2\timer.v" line 74: Output port <debounced> of the instance <pb_in_set_2> is unconnected or connected to loadless signal.
INFO:Xst:3210 - "D:\Programming\EE2230\Lab8_2\timer.v" line 113: Output port <cout> of the instance <cnt_min> is unconnected or connected to loadless signal.
    Summary:
	no macro.
Unit <timer> synthesized.

Synthesizing Unit <frequency_divider>.
    Related source file is "D:\Programming\EE2230\Lab8_2\frequency_divider.v".
    Found 2-bit register for signal <clk_scn>.
    Found 7-bit register for signal <cnt_h>.
    Found 15-bit register for signal <cnt_l>.
    Found 1-bit register for signal <clk_cnt>.
    Found 25-bit adder for signal <cnt_tmp> created at line 30.
    Summary:
	inferred   1 Adder/Subtractor(s).
	inferred  25 D-type flip-flop(s).
Unit <frequency_divider> synthesized.

Synthesizing Unit <push_button>.
    Related source file is "D:\Programming\EE2230\Lab8_2\push_button.v".
    Summary:
	no macro.
Unit <push_button> synthesized.

Synthesizing Unit <debounce_circuit>.
    Related source file is "D:\Programming\EE2230\Lab8_2\debounce_circuit.v".
    Found 4-bit register for signal <debounce_window>.
    Found 1-bit register for signal <pb_debounced>.
    Summary:
	inferred   5 D-type flip-flop(s).
Unit <debounce_circuit> synthesized.

Synthesizing Unit <one_pulse>.
    Related source file is "D:\Programming\EE2230\Lab8_2\one_pulse.v".
    Found 1-bit register for signal <out_pulse>.
    Found 1-bit register for signal <in_trig_delay>.
    Summary:
	inferred   2 D-type flip-flop(s).
Unit <one_pulse> synthesized.

Synthesizing Unit <cnt_setting>.
    Related source file is "D:\Programming\EE2230\Lab8_2\cnt_setting.v".
INFO:Xst:3210 - "D:\Programming\EE2230\Lab8_2\cnt_setting.v" line 24: Output port <cout> of the instance <sec_push_adder> is unconnected or connected to loadless signal.
INFO:Xst:3210 - "D:\Programming\EE2230\Lab8_2\cnt_setting.v" line 34: Output port <cout> of the instance <min_push_adder> is unconnected or connected to loadless signal.
    Summary:
	no macro.
Unit <cnt_setting> synthesized.

Synthesizing Unit <upcounter_tens>.
    Related source file is "D:\Programming\EE2230\Lab8_2\upcounter_tens.v".
INFO:Xst:3210 - "D:\Programming\EE2230\Lab8_2\upcounter_tens.v" line 57: Output port <carry> of the instance <dig1> is unconnected or connected to loadless signal.
    Found 8-bit comparator equal for signal <load_def> created at line 34
    Summary:
	inferred   1 Comparator(s).
Unit <upcounter_tens> synthesized.

Synthesizing Unit <upcounter_unit>.
    Related source file is "D:\Programming\EE2230\Lab8_2\upcounter_unit.v".
    Found 1-bit register for signal <value<3>>.
    Found 1-bit register for signal <value<2>>.
    Found 1-bit register for signal <value<1>>.
    Found 1-bit register for signal <value<0>>.
    Found 4-bit adder for signal <value[3]_GND_8_o_add_4_OUT> created at line 41.
    Summary:
	inferred   1 Adder/Subtractor(s).
	inferred   4 D-type flip-flop(s).
	inferred   3 Multiplexer(s).
Unit <upcounter_unit> synthesized.

Synthesizing Unit <downcounter_control>.
    Related source file is "D:\Programming\EE2230\Lab8_2\downcounter_control.v".
    Found 2-bit register for signal <state>.
    Found finite state machine <FSM_0> for signal <state>.
    -----------------------------------------------------------------------
    | States             | 4                                              |
    | Transitions        | 11                                             |
    | Inputs             | 3                                              |
    | Outputs            | 2                                              |
    | Clock              | clk (rising_edge)                              |
    | Reset              | rst (positive)                                 |
    | Reset type         | asynchronous                                   |
    | Reset State        | 10                                             |
    | Encoding           | auto                                           |
    | Implementation     | LUT                                            |
    -----------------------------------------------------------------------
    Summary:
	inferred   1 Finite State Machine(s).
Unit <downcounter_control> synthesized.

Synthesizing Unit <downcounter_tens>.
    Related source file is "D:\Programming\EE2230\Lab8_2\downcounter_tens.v".
INFO:Xst:3210 - "D:\Programming\EE2230\Lab8_2\downcounter_tens.v" line 71: Output port <carry> of the instance <dig1> is unconnected or connected to loadless signal.
    Summary:
	inferred   1 Multiplexer(s).
Unit <downcounter_tens> synthesized.

Synthesizing Unit <downcounter_unit>.
    Related source file is "D:\Programming\EE2230\Lab8_2\downcounter_unit.v".
    Found 1-bit register for signal <value<3>>.
    Found 1-bit register for signal <value<2>>.
    Found 1-bit register for signal <value<1>>.
    Found 1-bit register for signal <value<0>>.
    Found 4-bit subtractor for signal <value[3]_GND_12_o_sub_5_OUT> created at line 43.
    Summary:
	inferred   1 Adder/Subtractor(s).
	inferred   4 D-type flip-flop(s).
	inferred   3 Multiplexer(s).
Unit <downcounter_unit> synthesized.

Synthesizing Unit <FTSD_decoder>.
    Related source file is "D:\Programming\EE2230\Lab8_2\FTSD_decoder.v".
    Found 64x15-bit Read Only RAM for signal <ftsd>
    Summary:
	inferred   1 RAM(s).
Unit <FTSD_decoder> synthesized.

Synthesizing Unit <FTSD_scan>.
    Related source file is "D:\Programming\EE2230\Lab8_2\FTSD_scan.v".
    Found 19-bit 4-to-1 multiplexer for signal <display> created at line 24.
    Summary:
	inferred   1 Multiplexer(s).
Unit <FTSD_scan> synthesized.

=========================================================================
HDL Synthesis Report

Macro Statistics
# RAMs                                                 : 4
 64x15-bit single-port Read Only RAM                   : 4
# Adders/Subtractors                                   : 9
 25-bit adder                                          : 1
 4-bit adder                                           : 4
 4-bit subtractor                                      : 4
# Registers                                            : 52
 1-bit register                                        : 45
 15-bit register                                       : 1
 2-bit register                                        : 1
 4-bit register                                        : 4
 7-bit register                                        : 1
# Comparators                                          : 2
 8-bit comparator equal                                : 2
# Multiplexers                                         : 27
 1-bit 2-to-1 multiplexer                              : 2
 19-bit 4-to-1 multiplexer                             : 1
 4-bit 2-to-1 multiplexer                              : 24
# FSMs                                                 : 1

=========================================================================

=========================================================================
*                       Advanced HDL Synthesis                          *
=========================================================================


Synthesizing (advanced) Unit <FTSD_decoder>.
INFO:Xst:3218 - HDL ADVISOR - The RAM <Mram_ftsd> will be implemented on LUTs either because you have described an asynchronous read or because of currently unsupported block RAM features. If you have described an asynchronous read, making it synchronous would allow you to take advantage of available block RAM resources, for optimized device usage and improved timings. Please refer to your documentation for coding guidelines.
    -----------------------------------------------------------------------
    | ram_type           | Distributed                         |          |
    -----------------------------------------------------------------------
    | Port A                                                              |
    |     aspect ratio   | 64-word x 15-bit                    |          |
    |     weA            | connected to signal <GND>           | high     |
    |     addrA          | connected to signal <bcd>           |          |
    |     diA            | connected to signal <GND>           |          |
    |     doA            | connected to signal <ftsd>          |          |
    -----------------------------------------------------------------------
Unit <FTSD_decoder> synthesized (advanced).

=========================================================================
Advanced HDL Synthesis Report

Macro Statistics
# RAMs                                                 : 4
 64x15-bit single-port distributed Read Only RAM       : 4
# Adders/Subtractors                                   : 9
 25-bit adder                                          : 1
 4-bit adder                                           : 4
 4-bit subtractor                                      : 4
# Registers                                            : 85
 Flip-Flops                                            : 85
# Comparators                                          : 2
 8-bit comparator equal                                : 2
# Multiplexers                                         : 27
 1-bit 2-to-1 multiplexer                              : 2
 19-bit 4-to-1 multiplexer                             : 1
 4-bit 2-to-1 multiplexer                              : 24
# FSMs                                                 : 1

=========================================================================

=========================================================================
*                         Low Level Synthesis                           *
=========================================================================
Analyzing FSM <MFsm> for best encoding.
Optimizing FSM <FSM_0> on signal <state[1:2]> with user encoding.
-------------------
 State | Encoding
-------------------
 10    | 10
 00    | 00
 01    | 01
 11    | 11
-------------------
WARNING:Xst:3002 - This design contains one or more registers/latches that are directly
   incompatible with the Spartan6 architecture. The two primary causes of this is
   either a register or latch described with both an asynchronous set and
   asynchronous reset, or a register or latch described with an asynchronous
   set or reset which however has an initialization value of the opposite 
   polarity (i.e. asynchronous reset with an initialization value of 1).
    While this circuit can be built, it creates a sub-optimal implementation
   in terms of area, power and performance. For a more optimal implementation
   Xilinx highly recommends one of the following:

          1) Remove either the set or reset from all registers and latches
             if not needed for required functionality
          2) Modify the code in order to produce a synchronous set
             and/or reset (both is preferred)
          3) Ensure all registers have the same initialization value as the
             described asynchronous set or reset polarity
          4) Use the -async_to_sync option to transform the asynchronous
             set/reset to synchronous operation
             (timing simulation highly recommended when using this option)

  Please refer to http://www.xilinx.com search string "Spartan6 asynchronous set/reset" for more details.

  List of register instances with asynchronous set and reset:
    value_0 in unit <upcounter_unit>
    value_1 in unit <upcounter_unit>
    value_2 in unit <upcounter_unit>
    value_3 in unit <upcounter_unit>
    value_0 in unit <downcounter_unit>
    value_1 in unit <downcounter_unit>
    value_2 in unit <downcounter_unit>
    value_3 in unit <downcounter_unit>


Optimizing unit <frequency_divider> ...

Optimizing unit <timer> ...

Optimizing unit <downcounter_unit> ...

Optimizing unit <upcounter_unit> ...

Mapping all equations...
Building and optimizing final netlist ...
Found area constraint ratio of 100 (+ 5) on block timer, actual ratio is 2.

Final Macro Processing ...

=========================================================================
Final Register Report

Macro Statistics
# Registers                                            : 103
 Flip-Flops                                            : 103

=========================================================================

=========================================================================
*                           Partition Report                            *
=========================================================================

Partition Implementation Status
-------------------------------

  No Partitions were found in this design.

-------------------------------

=========================================================================
*                            Design Summary                             *
=========================================================================

Top Level Output File Name         : timer.ngc

Primitive and Black Box Usage:
------------------------------
# BELS                             : 265
#      GND                         : 1
#      INV                         : 6
#      LUT1                        : 24
#      LUT2                        : 8
#      LUT3                        : 60
#      LUT4                        : 40
#      LUT5                        : 16
#      LUT6                        : 59
#      MUXCY                       : 24
#      MUXF7                       : 1
#      VCC                         : 1
#      XORCY                       : 25
# FlipFlops/Latches                : 119
#      FDC                         : 86
#      FDP                         : 17
#      LDC                         : 16
# Clock Buffers                    : 3
#      BUFG                        : 2
#      BUFGP                       : 1
# IO Buffers                       : 41
#      IBUF                        : 6
#      OBUF                        : 35

Device utilization summary:
---------------------------

Selected Device : 6slx16csg324-3 


Slice Logic Utilization: 
 Number of Slice Registers:             119  out of  18224     0%  
 Number of Slice LUTs:                  213  out of   9112     2%  
    Number used as Logic:               213  out of   9112     2%  

Slice Logic Distribution: 
 Number of LUT Flip Flop pairs used:    255
   Number with an unused Flip Flop:     136  out of    255    53%  
   Number with an unused LUT:            42  out of    255    16%  
   Number of fully used LUT-FF pairs:    77  out of    255    30%  
   Number of unique control sets:        50

IO Utilization: 
 Number of IOs:                          42
 Number of bonded IOBs:                  42  out of    232    18%  

Specific Feature Utilization:
 Number of BUFG/BUFGCTRLs:                3  out of     16    18%  

---------------------------
Partition Resource Summary:
---------------------------

  No Partitions were found in this design.

---------------------------


=========================================================================
Timing Report

NOTE: THESE TIMING NUMBERS ARE ONLY A SYNTHESIS ESTIMATE.
      FOR ACCURATE TIMING INFORMATION PLEASE REFER TO THE TRACE REPORT
      GENERATED AFTER PLACE-and-ROUTE.

Clock Information:
------------------
---------------------------------------------------------------------------------+----------------------------------+-------+
Clock Signal                                                                     | Clock buffer(FF name)            | Load  |
---------------------------------------------------------------------------------+----------------------------------+-------+
freq_div/clk_scn_0                                                               | BUFG                             | 46    |
clk                                                                              | BUFGP                            | 25    |
cnt_sec/dig0/rst_rst_value[0]_AND_22_o(cnt_sec/dig0/rst_rst_value[0]_AND_22_o1:O)| NONE(*)(cnt_sec/dig0/value_0_LDC)| 1     |
freq_div/clk_cnt                                                                 | BUFG                             | 32    |
cnt_sec/dig0/rst_rst_value[1]_AND_20_o(cnt_sec/dig0/rst_rst_value[1]_AND_20_o1:O)| NONE(*)(cnt_sec/dig0/value_1_LDC)| 1     |
cnt_sec/dig0/rst_rst_value[2]_AND_18_o(cnt_sec/dig0/rst_rst_value[2]_AND_18_o1:O)| NONE(*)(cnt_sec/dig0/value_2_LDC)| 1     |
cnt_sec/dig0/rst_rst_value[3]_AND_16_o(cnt_sec/dig0/rst_rst_value[3]_AND_16_o1:O)| NONE(*)(cnt_sec/dig0/value_3_LDC)| 1     |
cnt_sec/dig1/rst_rst_value[0]_AND_22_o(cnt_sec/dig1/rst_rst_value[0]_AND_22_o1:O)| NONE(*)(cnt_sec/dig1/value_0_LDC)| 1     |
cnt_sec/dig1/rst_rst_value[1]_AND_20_o(cnt_sec/dig1/rst_rst_value[1]_AND_20_o1:O)| NONE(*)(cnt_sec/dig1/value_1_LDC)| 1     |
cnt_sec/dig1/rst_rst_value[2]_AND_18_o(cnt_sec/dig1/rst_rst_value[2]_AND_18_o1:O)| NONE(*)(cnt_sec/dig1/value_2_LDC)| 1     |
cnt_sec/dig1/rst_rst_value[3]_AND_16_o(cnt_sec/dig1/rst_rst_value[3]_AND_16_o1:O)| NONE(*)(cnt_sec/dig1/value_3_LDC)| 1     |
cnt_min/dig0/rst_rst_value[0]_AND_22_o(cnt_min/dig0/rst_rst_value[0]_AND_22_o1:O)| NONE(*)(cnt_min/dig0/value_0_LDC)| 1     |
cnt_min/dig0/rst_rst_value[1]_AND_20_o(cnt_min/dig0/rst_rst_value[1]_AND_20_o1:O)| NONE(*)(cnt_min/dig0/value_1_LDC)| 1     |
cnt_min/dig0/rst_rst_value[2]_AND_18_o(cnt_min/dig0/rst_rst_value[2]_AND_18_o1:O)| NONE(*)(cnt_min/dig0/value_2_LDC)| 1     |
cnt_min/dig0/rst_rst_value[3]_AND_16_o(cnt_min/dig0/rst_rst_value[3]_AND_16_o1:O)| NONE(*)(cnt_min/dig0/value_3_LDC)| 1     |
cnt_min/dig1/rst_rst_value[0]_AND_22_o(cnt_min/dig1/rst_rst_value[0]_AND_22_o1:O)| NONE(*)(cnt_min/dig1/value_0_LDC)| 1     |
cnt_min/dig1/rst_rst_value[1]_AND_20_o(cnt_min/dig1/rst_rst_value[1]_AND_20_o1:O)| NONE(*)(cnt_min/dig1/value_1_LDC)| 1     |
cnt_min/dig1/rst_rst_value[2]_AND_18_o(cnt_min/dig1/rst_rst_value[2]_AND_18_o1:O)| NONE(*)(cnt_min/dig1/value_2_LDC)| 1     |
cnt_min/dig1/rst_rst_value[3]_AND_16_o(cnt_min/dig1/rst_rst_value[3]_AND_16_o1:O)| NONE(*)(cnt_min/dig1/value_3_LDC)| 1     |
---------------------------------------------------------------------------------+----------------------------------+-------+
(*) These 16 clock signal(s) are generated by combinatorial logic,
and XST is not able to identify which are the primary clock signals.
Please use the CLOCK_SIGNAL constraint to specify the clock signal(s) generated by combinatorial logic.
INFO:Xst:2169 - HDL ADVISOR - Some clock signals were not automatically buffered by XST with BUFG/BUFR resources. Please use the buffer_type constraint in order to insert these buffers to the clock signals to help prevent skew problems.

Asynchronous Control Signals Information:
----------------------------------------
No asynchronous control signals found in this design

Timing Summary:
---------------
Speed Grade: -3

   Minimum period: 5.076ns (Maximum Frequency: 197.025MHz)
   Minimum input arrival time before clock: 4.122ns
   Maximum output required time after clock: 7.997ns
   Maximum combinational path delay: No path found

Timing Details:
---------------
All values displayed in nanoseconds (ns)

=========================================================================
Timing constraint: Default period analysis for Clock 'freq_div/clk_scn_0'
  Clock period: 3.910ns (frequency: 255.751MHz)
  Total number of paths / destination ports: 256 / 42
-------------------------------------------------------------------------
Delay:               3.910ns (Levels of Logic = 3)
  Source:            cnt_val_set/sec_push_adder/dig0/value_0 (FF)
  Destination:       cnt_val_set/sec_push_adder/dig0/value_1 (FF)
  Source Clock:      freq_div/clk_scn_0 rising
  Destination Clock: freq_div/clk_scn_0 rising

  Data Path: cnt_val_set/sec_push_adder/dig0/value_0 to cnt_val_set/sec_push_adder/dig0/value_1
                                Gate     Net
    Cell:in->out      fanout   Delay   Delay  Logical Name (Net Name)
    ----------------------------------------  ------------
     FDC:C->Q              8   0.447   1.031  cnt_val_set/sec_push_adder/dig0/value_0 (cnt_val_set/sec_push_adder/dig0/value_0)
     LUT3:I0->O            1   0.205   0.580  cnt_val_set/sec_push_adder/load_def_SW0 (N2)
     LUT6:I5->O            7   0.205   1.138  cnt_val_set/sec_push_adder/load_def (cnt_val_set/sec_push_adder/load_def)
     LUT6:I0->O            1   0.203   0.000  cnt_val_set/sec_push_adder/dig1/value_tmp<1>1 (cnt_val_set/sec_push_adder/dig1/value_tmp<1>)
     FDC:D                     0.102          cnt_val_set/sec_push_adder/dig1/value_1
    ----------------------------------------
    Total                      3.910ns (1.162ns logic, 2.748ns route)
                                       (29.7% logic, 70.3% route)

=========================================================================
Timing constraint: Default period analysis for Clock 'clk'
  Clock period: 2.240ns (frequency: 446.448MHz)
  Total number of paths / destination ports: 325 / 25
-------------------------------------------------------------------------
Delay:               2.240ns (Levels of Logic = 11)
  Source:            freq_div/clk_scn_0 (FF)
  Destination:       freq_div/clk_cnt (FF)
  Source Clock:      clk rising
  Destination Clock: clk rising

  Data Path: freq_div/clk_scn_0 to freq_div/clk_cnt
                                Gate     Net
    Cell:in->out      fanout   Delay   Delay  Logical Name (Net Name)
    ----------------------------------------  ------------
     FDC:C->Q             15   0.447   0.982  freq_div/clk_scn_0 (freq_div/clk_scn_0)
     LUT1:I0->O            1   0.205   0.000  freq_div/Madd_cnt_tmp_cy<15>_rt (freq_div/Madd_cnt_tmp_cy<15>_rt)
     MUXCY:S->O            1   0.172   0.000  freq_div/Madd_cnt_tmp_cy<15> (freq_div/Madd_cnt_tmp_cy<15>)
     MUXCY:CI->O           1   0.019   0.000  freq_div/Madd_cnt_tmp_cy<16> (freq_div/Madd_cnt_tmp_cy<16>)
     MUXCY:CI->O           1   0.019   0.000  freq_div/Madd_cnt_tmp_cy<17> (freq_div/Madd_cnt_tmp_cy<17>)
     MUXCY:CI->O           1   0.019   0.000  freq_div/Madd_cnt_tmp_cy<18> (freq_div/Madd_cnt_tmp_cy<18>)
     MUXCY:CI->O           1   0.019   0.000  freq_div/Madd_cnt_tmp_cy<19> (freq_div/Madd_cnt_tmp_cy<19>)
     MUXCY:CI->O           1   0.019   0.000  freq_div/Madd_cnt_tmp_cy<20> (freq_div/Madd_cnt_tmp_cy<20>)
     MUXCY:CI->O           1   0.019   0.000  freq_div/Madd_cnt_tmp_cy<21> (freq_div/Madd_cnt_tmp_cy<21>)
     MUXCY:CI->O           1   0.019   0.000  freq_div/Madd_cnt_tmp_cy<22> (freq_div/Madd_cnt_tmp_cy<22>)
     MUXCY:CI->O           0   0.019   0.000  freq_div/Madd_cnt_tmp_cy<23> (freq_div/Madd_cnt_tmp_cy<23>)
     XORCY:CI->O           1   0.180   0.000  freq_div/Madd_cnt_tmp_xor<24> (freq_div/cnt_tmp<24>)
     FDC:D                     0.102          freq_div/clk_cnt
    ----------------------------------------
    Total                      2.240ns (1.258ns logic, 0.982ns route)
                                       (56.2% logic, 43.8% route)

=========================================================================
Timing constraint: Default period analysis for Clock 'freq_div/clk_cnt'
  Clock period: 5.076ns (frequency: 197.025MHz)
  Total number of paths / destination ports: 1876 / 32
-------------------------------------------------------------------------
Delay:               5.076ns (Levels of Logic = 4)
  Source:            cnt_sec/dig1/value_1_P_1 (FF)
  Destination:       cnt_sec/dig0/value_1_C_1 (FF)
  Source Clock:      freq_div/clk_cnt rising
  Destination Clock: freq_div/clk_cnt rising

  Data Path: cnt_sec/dig1/value_1_P_1 to cnt_sec/dig0/value_1_C_1
                                Gate     Net
    Cell:in->out      fanout   Delay   Delay  Logical Name (Net Name)
    ----------------------------------------  ------------
     FDP:C->Q              3   0.447   0.755  cnt_sec/dig1/value_1_P_1 (cnt_sec/dig1/value_1_P_1)
     LUT3:I1->O           16   0.203   1.369  cnt_sec/dig1/value_11 (cnt_sec/dig1/value_1)
     LUT6:I0->O            1   0.203   0.684  cnt_sec/decrease_keep_cnt_AND_24_o_SW0_SW0 (N10)
     LUT6:I4->O            8   0.203   0.907  cnt_sec/decrease_keep_cnt_AND_24_o (cnt_sec/decrease_keep_cnt_AND_24_o)
     LUT6:I4->O            2   0.203   0.000  cnt_sec/dig1/Mmux_value_tmp11 (cnt_sec/dig1/value_tmp<0>)
     FDC:D                     0.102          cnt_sec/dig1/value_0_C_0
    ----------------------------------------
    Total                      5.076ns (1.361ns logic, 3.715ns route)
                                       (26.8% logic, 73.2% route)

=========================================================================
Timing constraint: Default OFFSET IN BEFORE for Clock 'freq_div/clk_scn_0'
  Total number of paths / destination ports: 52 / 52
-------------------------------------------------------------------------
Offset:              4.122ns (Levels of Logic = 2)
  Source:            pb_rst (PAD)
  Destination:       pb_in_1/PB_1/pb_debounced (FF)
  Destination Clock: freq_div/clk_scn_0 rising

  Data Path: pb_rst to pb_in_1/PB_1/pb_debounced
                                Gate     Net
    Cell:in->out      fanout   Delay   Delay  Logical Name (Net Name)
    ----------------------------------------  ------------
     IBUF:I->O             1   1.222   0.579  pb_rst_IBUF (pb_rst_IBUF)
     INV:I->O             71   0.206   1.686  rst1_INV_0 (rst)
     FDC:CLR                   0.430          pb_in_1/PB_1/debounce_window_0
    ----------------------------------------
    Total                      4.122ns (1.858ns logic, 2.264ns route)
                                       (45.1% logic, 54.9% route)

=========================================================================
Timing constraint: Default OFFSET IN BEFORE for Clock 'clk'
  Total number of paths / destination ports: 25 / 25
-------------------------------------------------------------------------
Offset:              4.122ns (Levels of Logic = 2)
  Source:            pb_rst (PAD)
  Destination:       freq_div/clk_scn_1 (FF)
  Destination Clock: clk rising

  Data Path: pb_rst to freq_div/clk_scn_1
                                Gate     Net
    Cell:in->out      fanout   Delay   Delay  Logical Name (Net Name)
    ----------------------------------------  ------------
     IBUF:I->O             1   1.222   0.579  pb_rst_IBUF (pb_rst_IBUF)
     INV:I->O             71   0.206   1.686  rst1_INV_0 (rst)
     FDC:CLR                   0.430          freq_div/cnt_l_0
    ----------------------------------------
    Total                      4.122ns (1.858ns logic, 2.264ns route)
                                       (45.1% logic, 54.9% route)

=========================================================================
Timing constraint: Default OFFSET OUT AFTER for Clock 'clk'
  Total number of paths / destination ports: 28 / 14
-------------------------------------------------------------------------
Offset:              5.146ns (Levels of Logic = 2)
  Source:            freq_div/clk_scn_0 (FF)
  Destination:       display<14> (PAD)
  Source Clock:      clk rising

  Data Path: freq_div/clk_scn_0 to display<14>
                                Gate     Net
    Cell:in->out      fanout   Delay   Delay  Logical Name (Net Name)
    ----------------------------------------  ------------
     FDC:C->Q             15   0.447   1.346  freq_div/clk_scn_0 (freq_div/clk_scn_0)
     LUT6:I0->O            1   0.203   0.579  ftsd_scn/Mmux_display121 (display_2_OBUF)
     OBUF:I->O                 2.571          display_2_OBUF (display<2>)
    ----------------------------------------
    Total                      5.146ns (3.221ns logic, 1.925ns route)
                                       (62.6% logic, 37.4% route)

=========================================================================
Timing constraint: Default OFFSET OUT AFTER for Clock 'cnt_min/dig0/rst_rst_value[1]_AND_20_o'
  Total number of paths / destination ports: 26 / 26
-------------------------------------------------------------------------
Offset:              7.213ns (Levels of Logic = 4)
  Source:            cnt_min/dig0/value_1_LDC (LATCH)
  Destination:       display<14> (PAD)
  Source Clock:      cnt_min/dig0/rst_rst_value[1]_AND_20_o falling

  Data Path: cnt_min/dig0/value_1_LDC to display<14>
                                Gate     Net
    Cell:in->out      fanout   Delay   Delay  Logical Name (Net Name)
    ----------------------------------------  ------------
     LDC:G->Q              1   0.498   0.808  cnt_min/dig0/value_1_LDC (cnt_min/dig0/value_1_LDC)
     LUT3:I0->O           19   0.205   1.319  cnt_min/dig0/value_11 (cnt_min/dig0/value_1)
     LUT4:I0->O            1   0.203   0.827  ftsd_dec_B/Mram_ftsd71 (dispB<7>)
     LUT6:I2->O            1   0.203   0.579  ftsd_scn/Mmux_display171 (display_7_OBUF)
     OBUF:I->O                 2.571          display_7_OBUF (display<7>)
    ----------------------------------------
    Total                      7.213ns (3.680ns logic, 3.533ns route)
                                       (51.0% logic, 49.0% route)

=========================================================================
Timing constraint: Default OFFSET OUT AFTER for Clock 'freq_div/clk_cnt'
  Total number of paths / destination ports: 832 / 26
-------------------------------------------------------------------------
Offset:              7.820ns (Levels of Logic = 4)
  Source:            cnt_sec/dig1/value_3_P_3 (FF)
  Destination:       led<15> (PAD)
  Source Clock:      freq_div/clk_cnt rising

  Data Path: cnt_sec/dig1/value_3_P_3 to led<15>
                                Gate     Net
    Cell:in->out      fanout   Delay   Delay  Logical Name (Net Name)
    ----------------------------------------  ------------
     FDP:C->Q              4   0.447   0.788  cnt_sec/dig1/value_3_P_3 (cnt_sec/dig1/value_3_P_3)
     LUT3:I1->O           20   0.203   1.457  cnt_sec/dig1/value_31 (cnt_sec/dig1/value_3)
     LUT6:I0->O            1   0.203   0.944  led<0>2 (led<0>2)
     LUT6:I0->O           16   0.203   1.004  led<0>3 (led_0_OBUF)
     OBUF:I->O                 2.571          led_15_OBUF (led<15>)
    ----------------------------------------
    Total                      7.820ns (3.627ns logic, 4.193ns route)
                                       (46.4% logic, 53.6% route)

=========================================================================
Timing constraint: Default OFFSET OUT AFTER for Clock 'cnt_min/dig0/rst_rst_value[3]_AND_16_o'
  Total number of paths / destination ports: 26 / 26
-------------------------------------------------------------------------
Offset:              7.270ns (Levels of Logic = 4)
  Source:            cnt_min/dig0/value_3_LDC (LATCH)
  Destination:       display<5> (PAD)
  Source Clock:      cnt_min/dig0/rst_rst_value[3]_AND_16_o falling

  Data Path: cnt_min/dig0/value_3_LDC to display<5>
                                Gate     Net
    Cell:in->out      fanout   Delay   Delay  Logical Name (Net Name)
    ----------------------------------------  ------------
     LDC:G->Q              2   0.498   0.845  cnt_min/dig0/value_3_LDC (cnt_min/dig0/value_3_LDC)
     LUT3:I0->O           19   0.205   1.300  cnt_min/dig0/value_31 (cnt_min/dig0/value_3)
     LUT4:I1->O            2   0.205   0.864  dispB<5>1 (dispB<2>)
     LUT6:I2->O            1   0.203   0.579  ftsd_scn/Mmux_display121 (display_2_OBUF)
     OBUF:I->O                 2.571          display_2_OBUF (display<2>)
    ----------------------------------------
    Total                      7.270ns (3.682ns logic, 3.588ns route)
                                       (50.6% logic, 49.4% route)

=========================================================================
Timing constraint: Default OFFSET OUT AFTER for Clock 'cnt_min/dig0/rst_rst_value[2]_AND_18_o'
  Total number of paths / destination ports: 26 / 26
-------------------------------------------------------------------------
Offset:              7.343ns (Levels of Logic = 4)
  Source:            cnt_min/dig0/value_2_LDC (LATCH)
  Destination:       display<5> (PAD)
  Source Clock:      cnt_min/dig0/rst_rst_value[2]_AND_18_o falling

  Data Path: cnt_min/dig0/value_2_LDC to display<5>
                                Gate     Net
    Cell:in->out      fanout   Delay   Delay  Logical Name (Net Name)
    ----------------------------------------  ------------
     LDC:G->Q              3   0.498   0.879  cnt_min/dig0/value_2_LDC (cnt_min/dig0/value_2_LDC)
     LUT3:I0->O           20   0.205   1.340  cnt_min/dig0/value_21 (cnt_min/dig0/value_2)
     LUT4:I0->O            2   0.203   0.864  dispB<5>1 (dispB<2>)
     LUT6:I2->O            1   0.203   0.579  ftsd_scn/Mmux_display121 (display_2_OBUF)
     OBUF:I->O                 2.571          display_2_OBUF (display<2>)
    ----------------------------------------
    Total                      7.343ns (3.680ns logic, 3.663ns route)
                                       (50.1% logic, 49.9% route)

=========================================================================
Timing constraint: Default OFFSET OUT AFTER for Clock 'cnt_min/dig0/rst_rst_value[0]_AND_22_o'
  Total number of paths / destination ports: 26 / 26
-------------------------------------------------------------------------
Offset:              7.228ns (Levels of Logic = 4)
  Source:            cnt_min/dig0/value_0_LDC (LATCH)
  Destination:       display<11> (PAD)
  Source Clock:      cnt_min/dig0/rst_rst_value[0]_AND_22_o falling

  Data Path: cnt_min/dig0/value_0_LDC to display<11>
                                Gate     Net
    Cell:in->out      fanout   Delay   Delay  Logical Name (Net Name)
    ----------------------------------------  ------------
     LDC:G->Q              2   0.498   0.845  cnt_min/dig0/value_0_LDC (cnt_min/dig0/value_0_LDC)
     LUT3:I0->O           18   0.205   1.297  cnt_min/dig0/value_01 (cnt_min/dig0/value_0)
     LUT4:I0->O            1   0.203   0.827  ftsd_dec_B/Mram_ftsd91 (dispB<9>)
     LUT6:I2->O            1   0.203   0.579  ftsd_scn/Mmux_display191 (display_9_OBUF)
     OBUF:I->O                 2.571          display_9_OBUF (display<9>)
    ----------------------------------------
    Total                      7.228ns (3.680ns logic, 3.548ns route)
                                       (50.9% logic, 49.1% route)

=========================================================================
Timing constraint: Default OFFSET OUT AFTER for Clock 'cnt_sec/dig0/rst_rst_value[1]_AND_20_o'
  Total number of paths / destination ports: 26 / 26
-------------------------------------------------------------------------
Offset:              7.792ns (Levels of Logic = 4)
  Source:            cnt_sec/dig0/value_1_LDC (LATCH)
  Destination:       led<15> (PAD)
  Source Clock:      cnt_sec/dig0/rst_rst_value[1]_AND_20_o falling

  Data Path: cnt_sec/dig0/value_1_LDC to led<15>
                                Gate     Net
    Cell:in->out      fanout   Delay   Delay  Logical Name (Net Name)
    ----------------------------------------  ------------
     LDC:G->Q              2   0.498   0.845  cnt_sec/dig0/value_1_LDC (cnt_sec/dig0/value_1_LDC)
     LUT3:I0->O           19   0.205   1.300  cnt_sec/dig0/value_11 (cnt_sec/dig0/value_1)
     LUT6:I3->O            2   0.205   0.961  led<0>1 (led<0>1)
     LUT6:I1->O           16   0.203   1.004  led<0>3 (led_0_OBUF)
     OBUF:I->O                 2.571          led_15_OBUF (led<15>)
    ----------------------------------------
    Total                      7.792ns (3.682ns logic, 4.110ns route)
                                       (47.3% logic, 52.7% route)

=========================================================================
Timing constraint: Default OFFSET OUT AFTER for Clock 'cnt_sec/dig0/rst_rst_value[3]_AND_16_o'
  Total number of paths / destination ports: 26 / 26
-------------------------------------------------------------------------
Offset:              7.906ns (Levels of Logic = 4)
  Source:            cnt_sec/dig0/value_3_LDC (LATCH)
  Destination:       led<15> (PAD)
  Source Clock:      cnt_sec/dig0/rst_rst_value[3]_AND_16_o falling

  Data Path: cnt_sec/dig0/value_3_LDC to led<15>
                                Gate     Net
    Cell:in->out      fanout   Delay   Delay  Logical Name (Net Name)
    ----------------------------------------  ------------
     LDC:G->Q              2   0.498   0.845  cnt_sec/dig0/value_3_LDC (cnt_sec/dig0/value_3_LDC)
     LUT3:I0->O           19   0.205   1.416  cnt_sec/dig0/value_31 (cnt_sec/dig0/value_3)
     LUT6:I1->O            2   0.203   0.961  led<0>1 (led<0>1)
     LUT6:I1->O           16   0.203   1.004  led<0>3 (led_0_OBUF)
     OBUF:I->O                 2.571          led_15_OBUF (led<15>)
    ----------------------------------------
    Total                      7.906ns (3.680ns logic, 4.226ns route)
                                       (46.5% logic, 53.5% route)

=========================================================================
Timing constraint: Default OFFSET OUT AFTER for Clock 'cnt_sec/dig0/rst_rst_value[2]_AND_18_o'
  Total number of paths / destination ports: 26 / 26
-------------------------------------------------------------------------
Offset:              7.809ns (Levels of Logic = 4)
  Source:            cnt_sec/dig0/value_2_LDC (LATCH)
  Destination:       led<15> (PAD)
  Source Clock:      cnt_sec/dig0/rst_rst_value[2]_AND_18_o falling

  Data Path: cnt_sec/dig0/value_2_LDC to led<15>
                                Gate     Net
    Cell:in->out      fanout   Delay   Delay  Logical Name (Net Name)
    ----------------------------------------  ------------
     LDC:G->Q              2   0.498   0.845  cnt_sec/dig0/value_2_LDC (cnt_sec/dig0/value_2_LDC)
     LUT3:I0->O           19   0.205   1.319  cnt_sec/dig0/value_21 (cnt_sec/dig0/value_2)
     LUT6:I2->O            2   0.203   0.961  led<0>1 (led<0>1)
     LUT6:I1->O           16   0.203   1.004  led<0>3 (led_0_OBUF)
     OBUF:I->O                 2.571          led_15_OBUF (led<15>)
    ----------------------------------------
    Total                      7.809ns (3.680ns logic, 4.129ns route)
                                       (47.1% logic, 52.9% route)

=========================================================================
Timing constraint: Default OFFSET OUT AFTER for Clock 'cnt_sec/dig0/rst_rst_value[0]_AND_22_o'
  Total number of paths / destination ports: 26 / 26
-------------------------------------------------------------------------
Offset:              7.700ns (Levels of Logic = 4)
  Source:            cnt_sec/dig0/value_0_LDC (LATCH)
  Destination:       led<15> (PAD)
  Source Clock:      cnt_sec/dig0/rst_rst_value[0]_AND_22_o falling

  Data Path: cnt_sec/dig0/value_0_LDC to led<15>
                                Gate     Net
    Cell:in->out      fanout   Delay   Delay  Logical Name (Net Name)
    ----------------------------------------  ------------
     LDC:G->Q              3   0.498   0.879  cnt_sec/dig0/value_0_LDC (cnt_sec/dig0/value_0_LDC)
     LUT3:I0->O           19   0.205   1.176  cnt_sec/dig0/value_01 (cnt_sec/dig0/value_0)
     LUT6:I4->O            2   0.203   0.961  led<0>1 (led<0>1)
     LUT6:I1->O           16   0.203   1.004  led<0>3 (led_0_OBUF)
     OBUF:I->O                 2.571          led_15_OBUF (led<15>)
    ----------------------------------------
    Total                      7.700ns (3.680ns logic, 4.020ns route)
                                       (47.8% logic, 52.2% route)

=========================================================================
Timing constraint: Default OFFSET OUT AFTER for Clock 'cnt_sec/dig1/rst_rst_value[1]_AND_20_o'
  Total number of paths / destination ports: 26 / 26
-------------------------------------------------------------------------
Offset:              7.856ns (Levels of Logic = 4)
  Source:            cnt_sec/dig1/value_1_LDC (LATCH)
  Destination:       led<15> (PAD)
  Source Clock:      cnt_sec/dig1/rst_rst_value[1]_AND_20_o falling

  Data Path: cnt_sec/dig1/value_1_LDC to led<15>
                                Gate     Net
    Cell:in->out      fanout   Delay   Delay  Logical Name (Net Name)
    ----------------------------------------  ------------
     LDC:G->Q              3   0.498   0.879  cnt_sec/dig1/value_1_LDC (cnt_sec/dig1/value_1_LDC)
     LUT3:I0->O           16   0.205   1.349  cnt_sec/dig1/value_11 (cnt_sec/dig1/value_1)
     LUT6:I1->O            1   0.203   0.944  led<0>2 (led<0>2)
     LUT6:I0->O           16   0.203   1.004  led<0>3 (led_0_OBUF)
     OBUF:I->O                 2.571          led_15_OBUF (led<15>)
    ----------------------------------------
    Total                      7.856ns (3.680ns logic, 4.176ns route)
                                       (46.8% logic, 53.2% route)

=========================================================================
Timing constraint: Default OFFSET OUT AFTER for Clock 'cnt_sec/dig1/rst_rst_value[3]_AND_16_o'
  Total number of paths / destination ports: 26 / 26
-------------------------------------------------------------------------
Offset:              7.997ns (Levels of Logic = 4)
  Source:            cnt_sec/dig1/value_3_LDC (LATCH)
  Destination:       led<15> (PAD)
  Source Clock:      cnt_sec/dig1/rst_rst_value[3]_AND_16_o falling

  Data Path: cnt_sec/dig1/value_3_LDC to led<15>
                                Gate     Net
    Cell:in->out      fanout   Delay   Delay  Logical Name (Net Name)
    ----------------------------------------  ------------
     LDC:G->Q              4   0.498   0.912  cnt_sec/dig1/value_3_LDC (cnt_sec/dig1/value_3_LDC)
     LUT3:I0->O           20   0.205   1.457  cnt_sec/dig1/value_31 (cnt_sec/dig1/value_3)
     LUT6:I0->O            1   0.203   0.944  led<0>2 (led<0>2)
     LUT6:I0->O           16   0.203   1.004  led<0>3 (led_0_OBUF)
     OBUF:I->O                 2.571          led_15_OBUF (led<15>)
    ----------------------------------------
    Total                      7.997ns (3.680ns logic, 4.317ns route)
                                       (46.0% logic, 54.0% route)

=========================================================================
Timing constraint: Default OFFSET OUT AFTER for Clock 'cnt_sec/dig1/rst_rst_value[2]_AND_18_o'
  Total number of paths / destination ports: 26 / 26
-------------------------------------------------------------------------
Offset:              7.631ns (Levels of Logic = 4)
  Source:            cnt_sec/dig1/value_2_LDC (LATCH)
  Destination:       led<15> (PAD)
  Source Clock:      cnt_sec/dig1/rst_rst_value[2]_AND_18_o falling

  Data Path: cnt_sec/dig1/value_2_LDC to led<15>
                                Gate     Net
    Cell:in->out      fanout   Delay   Delay  Logical Name (Net Name)
    ----------------------------------------  ------------
     LDC:G->Q              4   0.498   0.912  cnt_sec/dig1/value_2_LDC (cnt_sec/dig1/value_2_LDC)
     LUT3:I0->O           19   0.205   1.072  cnt_sec/dig1/value_21 (cnt_sec/dig1/value_2)
     LUT6:I5->O            2   0.205   0.961  led<0>1 (led<0>1)
     LUT6:I1->O           16   0.203   1.004  led<0>3 (led_0_OBUF)
     OBUF:I->O                 2.571          led_15_OBUF (led<15>)
    ----------------------------------------
    Total                      7.631ns (3.682ns logic, 3.949ns route)
                                       (48.3% logic, 51.7% route)

=========================================================================
Timing constraint: Default OFFSET OUT AFTER for Clock 'cnt_sec/dig1/rst_rst_value[0]_AND_22_o'
  Total number of paths / destination ports: 26 / 26
-------------------------------------------------------------------------
Offset:              7.882ns (Levels of Logic = 4)
  Source:            cnt_sec/dig1/value_0_LDC (LATCH)
  Destination:       led<15> (PAD)
  Source Clock:      cnt_sec/dig1/rst_rst_value[0]_AND_22_o falling

  Data Path: cnt_sec/dig1/value_0_LDC to led<15>
                                Gate     Net
    Cell:in->out      fanout   Delay   Delay  Logical Name (Net Name)
    ----------------------------------------  ------------
     LDC:G->Q              2   0.498   0.845  cnt_sec/dig1/value_0_LDC (cnt_sec/dig1/value_0_LDC)
     LUT3:I0->O           17   0.205   1.392  cnt_sec/dig1/value_01 (cnt_sec/dig1/value_0)
     LUT6:I0->O            2   0.203   0.961  led<0>1 (led<0>1)
     LUT6:I1->O           16   0.203   1.004  led<0>3 (led_0_OBUF)
     OBUF:I->O                 2.571          led_15_OBUF (led<15>)
    ----------------------------------------
    Total                      7.882ns (3.680ns logic, 4.202ns route)
                                       (46.7% logic, 53.3% route)

=========================================================================
Timing constraint: Default OFFSET OUT AFTER for Clock 'cnt_min/dig1/rst_rst_value[1]_AND_20_o'
  Total number of paths / destination ports: 26 / 26
-------------------------------------------------------------------------
Offset:              7.593ns (Levels of Logic = 4)
  Source:            cnt_min/dig1/value_1_LDC (LATCH)
  Destination:       led<15> (PAD)
  Source Clock:      cnt_min/dig1/rst_rst_value[1]_AND_20_o falling

  Data Path: cnt_min/dig1/value_1_LDC to led<15>
                                Gate     Net
    Cell:in->out      fanout   Delay   Delay  Logical Name (Net Name)
    ----------------------------------------  ------------
     LDC:G->Q              3   0.498   0.879  cnt_min/dig1/value_1_LDC (cnt_min/dig1/value_1_LDC)
     LUT3:I0->O           15   0.205   1.086  cnt_min/dig1/value_11 (cnt_min/dig1/value_1)
     LUT6:I4->O            1   0.203   0.944  led<0>2 (led<0>2)
     LUT6:I0->O           16   0.203   1.004  led<0>3 (led_0_OBUF)
     OBUF:I->O                 2.571          led_15_OBUF (led<15>)
    ----------------------------------------
    Total                      7.593ns (3.680ns logic, 3.913ns route)
                                       (48.5% logic, 51.5% route)

=========================================================================
Timing constraint: Default OFFSET OUT AFTER for Clock 'cnt_min/dig1/rst_rst_value[3]_AND_16_o'
  Total number of paths / destination ports: 26 / 26
-------------------------------------------------------------------------
Offset:              7.710ns (Levels of Logic = 4)
  Source:            cnt_min/dig1/value_3_LDC (LATCH)
  Destination:       led<15> (PAD)
  Source Clock:      cnt_min/dig1/rst_rst_value[3]_AND_16_o falling

  Data Path: cnt_min/dig1/value_3_LDC to led<15>
                                Gate     Net
    Cell:in->out      fanout   Delay   Delay  Logical Name (Net Name)
    ----------------------------------------  ------------
     LDC:G->Q              1   0.498   0.808  cnt_min/dig1/value_3_LDC (cnt_min/dig1/value_3_LDC)
     LUT3:I0->O           17   0.205   1.275  cnt_min/dig1/value_31 (cnt_min/dig1/value_3)
     LUT6:I2->O            1   0.203   0.944  led<0>2 (led<0>2)
     LUT6:I0->O           16   0.203   1.004  led<0>3 (led_0_OBUF)
     OBUF:I->O                 2.571          led_15_OBUF (led<15>)
    ----------------------------------------
    Total                      7.710ns (3.680ns logic, 4.030ns route)
                                       (47.7% logic, 52.3% route)

=========================================================================
Timing constraint: Default OFFSET OUT AFTER for Clock 'cnt_min/dig1/rst_rst_value[2]_AND_18_o'
  Total number of paths / destination ports: 26 / 26
-------------------------------------------------------------------------
Offset:              7.636ns (Levels of Logic = 4)
  Source:            cnt_min/dig1/value_2_LDC (LATCH)
  Destination:       led<15> (PAD)
  Source Clock:      cnt_min/dig1/rst_rst_value[2]_AND_18_o falling

  Data Path: cnt_min/dig1/value_2_LDC to led<15>
                                Gate     Net
    Cell:in->out      fanout   Delay   Delay  Logical Name (Net Name)
    ----------------------------------------  ------------
     LDC:G->Q              2   0.498   0.845  cnt_min/dig1/value_2_LDC (cnt_min/dig1/value_2_LDC)
     LUT3:I0->O           13   0.205   1.161  cnt_min/dig1/value_21 (cnt_min/dig1/value_2)
     LUT6:I3->O            1   0.205   0.944  led<0>2 (led<0>2)
     LUT6:I0->O           16   0.203   1.004  led<0>3 (led_0_OBUF)
     OBUF:I->O                 2.571          led_15_OBUF (led<15>)
    ----------------------------------------
    Total                      7.636ns (3.682ns logic, 3.954ns route)
                                       (48.2% logic, 51.8% route)

=========================================================================
Timing constraint: Default OFFSET OUT AFTER for Clock 'cnt_min/dig1/rst_rst_value[0]_AND_22_o'
  Total number of paths / destination ports: 26 / 26
-------------------------------------------------------------------------
Offset:              7.487ns (Levels of Logic = 4)
  Source:            cnt_min/dig1/value_0_LDC (LATCH)
  Destination:       led<15> (PAD)
  Source Clock:      cnt_min/dig1/rst_rst_value[0]_AND_22_o falling

  Data Path: cnt_min/dig1/value_0_LDC to led<15>
                                Gate     Net
    Cell:in->out      fanout   Delay   Delay  Logical Name (Net Name)
    ----------------------------------------  ------------
     LDC:G->Q              1   0.498   0.808  cnt_min/dig1/value_0_LDC (cnt_min/dig1/value_0_LDC)
     LUT3:I0->O           18   0.205   1.050  cnt_min/dig1/value_01 (cnt_min/dig1/value_0)
     LUT6:I5->O            1   0.205   0.944  led<0>2 (led<0>2)
     LUT6:I0->O           16   0.203   1.004  led<0>3 (led_0_OBUF)
     OBUF:I->O                 2.571          led_15_OBUF (led<15>)
    ----------------------------------------
    Total                      7.487ns (3.682ns logic, 3.805ns route)
                                       (49.2% logic, 50.8% route)

=========================================================================

Cross Clock Domains Report:
--------------------------

Clock to Setup on destination clock clk
---------------+---------+---------+---------+---------+
               | Src:Rise| Src:Fall| Src:Rise| Src:Fall|
Source Clock   |Dest:Rise|Dest:Rise|Dest:Fall|Dest:Fall|
---------------+---------+---------+---------+---------+
clk            |    2.240|         |         |         |
---------------+---------+---------+---------+---------+

Clock to Setup on destination clock cnt_min/dig0/rst_rst_value[0]_AND_22_o
------------------+---------+---------+---------+---------+
                  | Src:Rise| Src:Fall| Src:Rise| Src:Fall|
Source Clock      |Dest:Rise|Dest:Rise|Dest:Fall|Dest:Fall|
------------------+---------+---------+---------+---------+
freq_div/clk_scn_0|         |         |    3.178|         |
------------------+---------+---------+---------+---------+

Clock to Setup on destination clock cnt_min/dig0/rst_rst_value[1]_AND_20_o
------------------+---------+---------+---------+---------+
                  | Src:Rise| Src:Fall| Src:Rise| Src:Fall|
Source Clock      |Dest:Rise|Dest:Rise|Dest:Fall|Dest:Fall|
------------------+---------+---------+---------+---------+
freq_div/clk_scn_0|         |         |    3.178|         |
------------------+---------+---------+---------+---------+

Clock to Setup on destination clock cnt_min/dig0/rst_rst_value[2]_AND_18_o
------------------+---------+---------+---------+---------+
                  | Src:Rise| Src:Fall| Src:Rise| Src:Fall|
Source Clock      |Dest:Rise|Dest:Rise|Dest:Fall|Dest:Fall|
------------------+---------+---------+---------+---------+
freq_div/clk_scn_0|         |         |    3.178|         |
------------------+---------+---------+---------+---------+

Clock to Setup on destination clock cnt_min/dig0/rst_rst_value[3]_AND_16_o
------------------+---------+---------+---------+---------+
                  | Src:Rise| Src:Fall| Src:Rise| Src:Fall|
Source Clock      |Dest:Rise|Dest:Rise|Dest:Fall|Dest:Fall|
------------------+---------+---------+---------+---------+
freq_div/clk_scn_0|         |         |    3.178|         |
------------------+---------+---------+---------+---------+

Clock to Setup on destination clock cnt_min/dig1/rst_rst_value[0]_AND_22_o
------------------+---------+---------+---------+---------+
                  | Src:Rise| Src:Fall| Src:Rise| Src:Fall|
Source Clock      |Dest:Rise|Dest:Rise|Dest:Fall|Dest:Fall|
------------------+---------+---------+---------+---------+
freq_div/clk_scn_0|         |         |    3.178|         |
------------------+---------+---------+---------+---------+

Clock to Setup on destination clock cnt_min/dig1/rst_rst_value[1]_AND_20_o
------------------+---------+---------+---------+---------+
                  | Src:Rise| Src:Fall| Src:Rise| Src:Fall|
Source Clock      |Dest:Rise|Dest:Rise|Dest:Fall|Dest:Fall|
------------------+---------+---------+---------+---------+
freq_div/clk_scn_0|         |         |    3.178|         |
------------------+---------+---------+---------+---------+

Clock to Setup on destination clock cnt_min/dig1/rst_rst_value[2]_AND_18_o
------------------+---------+---------+---------+---------+
                  | Src:Rise| Src:Fall| Src:Rise| Src:Fall|
Source Clock      |Dest:Rise|Dest:Rise|Dest:Fall|Dest:Fall|
------------------+---------+---------+---------+---------+
freq_div/clk_scn_0|         |         |    3.178|         |
------------------+---------+---------+---------+---------+

Clock to Setup on destination clock cnt_min/dig1/rst_rst_value[3]_AND_16_o
------------------+---------+---------+---------+---------+
                  | Src:Rise| Src:Fall| Src:Rise| Src:Fall|
Source Clock      |Dest:Rise|Dest:Rise|Dest:Fall|Dest:Fall|
------------------+---------+---------+---------+---------+
freq_div/clk_scn_0|         |         |    3.178|         |
------------------+---------+---------+---------+---------+

Clock to Setup on destination clock cnt_sec/dig0/rst_rst_value[0]_AND_22_o
------------------+---------+---------+---------+---------+
                  | Src:Rise| Src:Fall| Src:Rise| Src:Fall|
Source Clock      |Dest:Rise|Dest:Rise|Dest:Fall|Dest:Fall|
------------------+---------+---------+---------+---------+
freq_div/clk_scn_0|         |         |    3.178|         |
------------------+---------+---------+---------+---------+

Clock to Setup on destination clock cnt_sec/dig0/rst_rst_value[1]_AND_20_o
------------------+---------+---------+---------+---------+
                  | Src:Rise| Src:Fall| Src:Rise| Src:Fall|
Source Clock      |Dest:Rise|Dest:Rise|Dest:Fall|Dest:Fall|
------------------+---------+---------+---------+---------+
freq_div/clk_scn_0|         |         |    3.178|         |
------------------+---------+---------+---------+---------+

Clock to Setup on destination clock cnt_sec/dig0/rst_rst_value[2]_AND_18_o
------------------+---------+---------+---------+---------+
                  | Src:Rise| Src:Fall| Src:Rise| Src:Fall|
Source Clock      |Dest:Rise|Dest:Rise|Dest:Fall|Dest:Fall|
------------------+---------+---------+---------+---------+
freq_div/clk_scn_0|         |         |    3.178|         |
------------------+---------+---------+---------+---------+

Clock to Setup on destination clock cnt_sec/dig0/rst_rst_value[3]_AND_16_o
------------------+---------+---------+---------+---------+
                  | Src:Rise| Src:Fall| Src:Rise| Src:Fall|
Source Clock      |Dest:Rise|Dest:Rise|Dest:Fall|Dest:Fall|
------------------+---------+---------+---------+---------+
freq_div/clk_scn_0|         |         |    3.178|         |
------------------+---------+---------+---------+---------+

Clock to Setup on destination clock cnt_sec/dig1/rst_rst_value[0]_AND_22_o
------------------+---------+---------+---------+---------+
                  | Src:Rise| Src:Fall| Src:Rise| Src:Fall|
Source Clock      |Dest:Rise|Dest:Rise|Dest:Fall|Dest:Fall|
------------------+---------+---------+---------+---------+
freq_div/clk_scn_0|         |         |    3.178|         |
------------------+---------+---------+---------+---------+

Clock to Setup on destination clock cnt_sec/dig1/rst_rst_value[1]_AND_20_o
------------------+---------+---------+---------+---------+
                  | Src:Rise| Src:Fall| Src:Rise| Src:Fall|
Source Clock      |Dest:Rise|Dest:Rise|Dest:Fall|Dest:Fall|
------------------+---------+---------+---------+---------+
freq_div/clk_scn_0|         |         |    3.178|         |
------------------+---------+---------+---------+---------+

Clock to Setup on destination clock cnt_sec/dig1/rst_rst_value[2]_AND_18_o
------------------+---------+---------+---------+---------+
                  | Src:Rise| Src:Fall| Src:Rise| Src:Fall|
Source Clock      |Dest:Rise|Dest:Rise|Dest:Fall|Dest:Fall|
------------------+---------+---------+---------+---------+
freq_div/clk_scn_0|         |         |    3.178|         |
------------------+---------+---------+---------+---------+

Clock to Setup on destination clock cnt_sec/dig1/rst_rst_value[3]_AND_16_o
------------------+---------+---------+---------+---------+
                  | Src:Rise| Src:Fall| Src:Rise| Src:Fall|
Source Clock      |Dest:Rise|Dest:Rise|Dest:Fall|Dest:Fall|
------------------+---------+---------+---------+---------+
freq_div/clk_scn_0|         |         |    3.178|         |
------------------+---------+---------+---------+---------+

Clock to Setup on destination clock freq_div/clk_cnt
--------------------------------------+---------+---------+---------+---------+
                                      | Src:Rise| Src:Fall| Src:Rise| Src:Fall|
Source Clock                          |Dest:Rise|Dest:Rise|Dest:Fall|Dest:Fall|
--------------------------------------+---------+---------+---------+---------+
cnt_min/dig0/rst_rst_value[0]_AND_22_o|         |    5.077|         |         |
cnt_min/dig0/rst_rst_value[1]_AND_20_o|         |    5.163|         |         |
cnt_min/dig0/rst_rst_value[2]_AND_18_o|         |    4.953|         |         |
cnt_min/dig0/rst_rst_value[3]_AND_16_o|         |    4.937|         |         |
cnt_min/dig1/rst_rst_value[0]_AND_22_o|         |    5.235|         |         |
cnt_min/dig1/rst_rst_value[1]_AND_20_o|         |    5.222|         |         |
cnt_min/dig1/rst_rst_value[2]_AND_18_o|         |    4.047|         |         |
cnt_min/dig1/rst_rst_value[3]_AND_16_o|         |    5.149|         |         |
cnt_sec/dig0/rst_rst_value[0]_AND_22_o|         |    5.203|         |         |
cnt_sec/dig0/rst_rst_value[1]_AND_20_o|         |    5.110|         |         |
cnt_sec/dig0/rst_rst_value[2]_AND_18_o|         |    5.026|         |         |
cnt_sec/dig0/rst_rst_value[3]_AND_16_o|         |    5.152|         |         |
cnt_sec/dig1/rst_rst_value[0]_AND_22_o|         |    5.221|         |         |
cnt_sec/dig1/rst_rst_value[1]_AND_20_o|         |    5.253|         |         |
cnt_sec/dig1/rst_rst_value[2]_AND_18_o|         |    5.218|         |         |
cnt_sec/dig1/rst_rst_value[3]_AND_16_o|         |    5.137|         |         |
freq_div/clk_cnt                      |    5.076|         |         |         |
freq_div/clk_scn_0                    |    4.676|         |         |         |
--------------------------------------+---------+---------+---------+---------+

Clock to Setup on destination clock freq_div/clk_scn_0
------------------+---------+---------+---------+---------+
                  | Src:Rise| Src:Fall| Src:Rise| Src:Fall|
Source Clock      |Dest:Rise|Dest:Rise|Dest:Fall|Dest:Fall|
------------------+---------+---------+---------+---------+
freq_div/clk_scn_0|    3.910|         |         |         |
------------------+---------+---------+---------+---------+

=========================================================================


Total REAL time to Xst completion: 6.00 secs
Total CPU time to Xst completion: 5.37 secs
 
--> 

Total memory usage is 220044 kilobytes

Number of errors   :    0 (   0 filtered)
Number of warnings :    4 (   0 filtered)
Number of infos    :   11 (   0 filtered)

