--------------------------------------------------------------------------------
Release 14.7 Trace  (nt64)
Copyright (c) 1995-2013 Xilinx, Inc.  All rights reserved.

C:\XilinxISE\14.7\ISE_DS\ISE\bin\nt64\unwrapped\trce.exe -intstyle ise -v 3 -s
3 -n 3 -fastpaths -xml FourBitFullAdder.twx FourBitFullAdder.ncd -o
FourBitFullAdder.twr FourBitFullAdder.pcf

Design file:              FourBitFullAdder.ncd
Physical constraint file: FourBitFullAdder.pcf
Device,package,speed:     xc6slx16,csg324,C,-3 (PRODUCTION 1.23 2013-10-13)
Report level:             verbose report

Environment Variable      Effect 
--------------------      ------ 
NONE                      No environment variables were set
--------------------------------------------------------------------------------

INFO:Timing:2698 - No timing constraints found, doing default enumeration.
INFO:Timing:3412 - To improve timing, see the Timing Closure User Guide (UG612).
INFO:Timing:2752 - To get complete path coverage, use the unconstrained paths 
   option. All paths that are not constrained will be reported in the 
   unconstrained paths section(s) of the report.
INFO:Timing:3339 - The clock-to-out numbers in this timing report are based on 
   a 50 Ohm transmission line loading model.  For the details of this model, 
   and for more information on accounting for different loading conditions, 
   please see the device datasheet.



Data Sheet report:
-----------------
All values displayed in nanoseconds (ns)

Pad to Pad
---------------+---------------+---------+
Source Pad     |Destination Pad|  Delay  |
---------------+---------------+---------+
a0             |co             |    6.894|
a0             |s0             |    5.970|
a0             |s1             |    6.300|
a0             |s2             |    6.629|
a0             |s3             |    6.948|
a1             |co             |    7.304|
a1             |s1             |    6.710|
a1             |s2             |    7.039|
a1             |s3             |    7.358|
a2             |co             |    6.431|
a2             |s2             |    6.477|
a2             |s3             |    6.485|
a3             |co             |    6.582|
a3             |s3             |    6.636|
b0             |co             |    7.011|
b0             |s0             |    6.163|
b0             |s1             |    6.417|
b0             |s2             |    6.746|
b0             |s3             |    7.065|
b1             |co             |    6.936|
b1             |s1             |    6.342|
b1             |s2             |    6.671|
b1             |s3             |    6.990|
b2             |co             |    6.430|
b2             |s2             |    6.310|
b2             |s3             |    6.484|
b3             |co             |    6.252|
b3             |s3             |    6.306|
ci             |co             |    7.174|
ci             |s0             |    6.214|
ci             |s1             |    6.580|
ci             |s2             |    6.909|
ci             |s3             |    7.228|
---------------+---------------+---------+


Analysis completed Tue Mar 10 18:10:30 2015 
--------------------------------------------------------------------------------

Trace Settings:
-------------------------
Trace Settings 

Peak Memory Usage: 238 MB



