Release 14.7 - xst P.20131013 (nt64)
Copyright (c) 1995-2013 Xilinx, Inc.  All rights reserved.
--> Parameter TMPDIR set to xst/projnav.tmp


Total REAL time to Xst completion: 0.00 secs
Total CPU time to Xst completion: 0.41 secs
 
--> Parameter xsthdpdir set to xst


Total REAL time to Xst completion: 0.00 secs
Total CPU time to Xst completion: 0.41 secs
 
--> Reading design: electronic_clock.prj

TABLE OF CONTENTS
  1) Synthesis Options Summary
  2) HDL Parsing
  3) HDL Elaboration
  4) HDL Synthesis
       4.1) HDL Synthesis Report
  5) Advanced HDL Synthesis
       5.1) Advanced HDL Synthesis Report
  6) Low Level Synthesis
  7) Partition Report
  8) Design Summary
       8.1) Primitive and Black Box Usage
       8.2) Device utilization summary
       8.3) Partition Resource Summary
       8.4) Timing Report
            8.4.1) Clock Information
            8.4.2) Asynchronous Control Signals Information
            8.4.3) Timing Summary
            8.4.4) Timing Details
            8.4.5) Cross Clock Domains Report


=========================================================================
*                      Synthesis Options Summary                        *
=========================================================================
---- Source Parameters
Input File Name                    : "electronic_clock.prj"
Ignore Synthesis Constraint File   : NO

---- Target Parameters
Output File Name                   : "electronic_clock"
Output Format                      : NGC
Target Device                      : xc6slx16-3-csg324

---- Source Options
Top Module Name                    : electronic_clock
Automatic FSM Extraction           : YES
FSM Encoding Algorithm             : Auto
Safe Implementation                : No
FSM Style                          : LUT
RAM Extraction                     : Yes
RAM Style                          : Auto
ROM Extraction                     : Yes
Shift Register Extraction          : YES
ROM Style                          : Auto
Resource Sharing                   : YES
Asynchronous To Synchronous        : NO
Shift Register Minimum Size        : 2
Use DSP Block                      : Auto
Automatic Register Balancing       : No

---- Target Options
LUT Combining                      : Auto
Reduce Control Sets                : Auto
Add IO Buffers                     : YES
Global Maximum Fanout              : 100000
Add Generic Clock Buffer(BUFG)     : 16
Register Duplication               : YES
Optimize Instantiated Primitives   : NO
Use Clock Enable                   : Auto
Use Synchronous Set                : Auto
Use Synchronous Reset              : Auto
Pack IO Registers into IOBs        : Auto
Equivalent register Removal        : YES

---- General Options
Optimization Goal                  : Speed
Optimization Effort                : 1
Power Reduction                    : NO
Keep Hierarchy                     : No
Netlist Hierarchy                  : As_Optimized
RTL Output                         : Yes
Global Optimization                : AllClockNets
Read Cores                         : YES
Write Timing Constraints           : NO
Cross Clock Analysis               : NO
Hierarchy Separator                : /
Bus Delimiter                      : <>
Case Specifier                     : Maintain
Slice Utilization Ratio            : 100
BRAM Utilization Ratio             : 100
DSP48 Utilization Ratio            : 100
Auto BRAM Packing                  : NO
Slice Utilization Ratio Delta      : 5

=========================================================================


=========================================================================
*                          HDL Parsing                                  *
=========================================================================
Analyzing Verilog file "D:\Programming\EE2230\Lab7_1\upcounter_unit.v" into library work
Parsing verilog file "global.v" included at line 7.
Parsing module <upcounter_unit>.
Analyzing Verilog file "D:\Programming\EE2230\Lab7_1\upcounter_tens.v" into library work
Parsing verilog file "global.v" included at line 21.
Parsing module <upcounter_tens>.
Analyzing Verilog file "D:\Programming\EE2230\Lab7_1\FTSD_scan.v" into library work
Parsing verilog file "global.v" included at line 7.
Parsing module <FTSD_scan>.
Analyzing Verilog file "D:\Programming\EE2230\Lab7_1\FTSD_decoder.v" into library work
Parsing verilog file "global.v" included at line 7.
Parsing module <FTSD_decoder>.
Analyzing Verilog file "D:\Programming\EE2230\Lab7_1\frequency_divider.v" into library work
Parsing verilog file "global.v" included at line 7.
Parsing module <frequency_divider>.
Analyzing Verilog file "D:\Programming\EE2230\Lab7_1\clock_generator.v" into library work
Parsing verilog file "global.v" included at line 9.
Parsing module <clock_generator>.
Analyzing Verilog file "D:\Programming\EE2230\Lab7_1\electronic_clock.v" into library work
Parsing verilog file "global.v" included at line 7.
Parsing module <electronic_clock>.

=========================================================================
*                            HDL Elaboration                            *
=========================================================================

Elaborating module <electronic_clock>.

Elaborating module <clock_generator>.
WARNING:HDLCompiler:1127 - "D:\Programming\EE2230\Lab7_1\electronic_clock.v" Line 42: Assignment to clk_100hz ignored, since the identifier is never used

Elaborating module <frequency_divider>.

Elaborating module <upcounter_tens>.

Elaborating module <upcounter_unit>.
WARNING:HDLCompiler:1127 - "D:\Programming\EE2230\Lab7_1\upcounter_tens.v" Line 61: Assignment to cout_d1 ignored, since the identifier is never used

Elaborating module <FTSD_decoder>.

Elaborating module <FTSD_scan>.
WARNING:HDLCompiler:634 - "D:\Programming\EE2230\Lab7_1\electronic_clock.v" Line 30: Net <dispC[14]> does not have a driver.

=========================================================================
*                           HDL Synthesis                               *
=========================================================================

Synthesizing Unit <electronic_clock>.
    Related source file is "D:\Programming\EE2230\Lab7_1\electronic_clock.v".
WARNING:Xst:647 - Input <hours_switch> is never used. This port will be preserved and left unconnected if it belongs to a top-level block or it belongs to a sub-block and the hierarchy of this sub-block is preserved.
INFO:Xst:3210 - "D:\Programming\EE2230\Lab7_1\electronic_clock.v" line 38: Output port <clk_100> of the instance <clk_gen> is unconnected or connected to loadless signal.
INFO:Xst:3210 - "D:\Programming\EE2230\Lab7_1\electronic_clock.v" line 45: Output port <clk_cnt> of the instance <freq_div> is unconnected or connected to loadless signal.
WARNING:Xst:653 - Signal <dispC> is used but never assigned. This sourceless signal will be automatically connected to value GND.
WARNING:Xst:653 - Signal <dispD> is used but never assigned. This sourceless signal will be automatically connected to value GND.
    Summary:
	no macro.
Unit <electronic_clock> synthesized.

Synthesizing Unit <clock_generator>.
    Related source file is "D:\Programming\EE2230\Lab7_1\clock_generator.v".
    Found 18-bit register for signal <count_200K>.
    Found 25-bit register for signal <count_20M>.
    Found 1-bit register for signal <clk_1>.
    Found 1-bit register for signal <clk_100>.
    Found 25-bit adder for signal <count_20M[24]_GND_2_o_add_1_OUT> created at line 41.
    Found 18-bit adder for signal <count_200K[17]_GND_2_o_add_5_OUT> created at line 70.
    Summary:
	inferred   2 Adder/Subtractor(s).
	inferred  45 D-type flip-flop(s).
	inferred   2 Multiplexer(s).
Unit <clock_generator> synthesized.

Synthesizing Unit <frequency_divider>.
    Related source file is "D:\Programming\EE2230\Lab7_1\frequency_divider.v".
    Found 2-bit register for signal <clk_scn>.
    Found 7-bit register for signal <cnt_h>.
    Found 15-bit register for signal <cnt_l>.
    Found 1-bit register for signal <clk_cnt>.
    Found 25-bit adder for signal <cnt_tmp> created at line 28.
    Summary:
	inferred   1 Adder/Subtractor(s).
	inferred  25 D-type flip-flop(s).
Unit <frequency_divider> synthesized.

Synthesizing Unit <upcounter_tens>.
    Related source file is "D:\Programming\EE2230\Lab7_1\upcounter_tens.v".
INFO:Xst:3210 - "D:\Programming\EE2230\Lab7_1\upcounter_tens.v" line 59: Output port <carry> of the instance <dig1> is unconnected or connected to loadless signal.
    Summary:
	no macro.
Unit <upcounter_tens> synthesized.

Synthesizing Unit <upcounter_unit>.
    Related source file is "D:\Programming\EE2230\Lab7_1\upcounter_unit.v".
    Found 1-bit register for signal <value<3>>.
    Found 1-bit register for signal <value<2>>.
    Found 1-bit register for signal <value<1>>.
    Found 1-bit register for signal <value<0>>.
    Found 4-bit adder for signal <value[3]_GND_5_o_add_4_OUT> created at line 41.
    Summary:
	inferred   1 Adder/Subtractor(s).
	inferred   4 D-type flip-flop(s).
	inferred   3 Multiplexer(s).
Unit <upcounter_unit> synthesized.

Synthesizing Unit <FTSD_decoder>.
    Related source file is "D:\Programming\EE2230\Lab7_1\FTSD_decoder.v".
    Found 16x15-bit Read Only RAM for signal <ftsd>
    Summary:
	inferred   1 RAM(s).
Unit <FTSD_decoder> synthesized.

Synthesizing Unit <FTSD_scan>.
    Related source file is "D:\Programming\EE2230\Lab7_1\FTSD_scan.v".
    Found 19-bit 4-to-1 multiplexer for signal <display> created at line 24.
    Summary:
	inferred   1 Multiplexer(s).
Unit <FTSD_scan> synthesized.

=========================================================================
HDL Synthesis Report

Macro Statistics
# RAMs                                                 : 2
 16x15-bit single-port Read Only RAM                   : 2
# Adders/Subtractors                                   : 5
 18-bit adder                                          : 1
 25-bit adder                                          : 2
 4-bit adder                                           : 2
# Registers                                            : 16
 1-bit register                                        : 11
 15-bit register                                       : 1
 18-bit register                                       : 1
 2-bit register                                        : 1
 25-bit register                                       : 1
 7-bit register                                        : 1
# Multiplexers                                         : 9
 18-bit 2-to-1 multiplexer                             : 1
 19-bit 4-to-1 multiplexer                             : 1
 25-bit 2-to-1 multiplexer                             : 1
 4-bit 2-to-1 multiplexer                              : 6

=========================================================================

=========================================================================
*                       Advanced HDL Synthesis                          *
=========================================================================


Synthesizing (advanced) Unit <FTSD_decoder>.
INFO:Xst:3218 - HDL ADVISOR - The RAM <Mram_ftsd> will be implemented on LUTs either because you have described an asynchronous read or because of currently unsupported block RAM features. If you have described an asynchronous read, making it synchronous would allow you to take advantage of available block RAM resources, for optimized device usage and improved timings. Please refer to your documentation for coding guidelines.
    -----------------------------------------------------------------------
    | ram_type           | Distributed                         |          |
    -----------------------------------------------------------------------
    | Port A                                                              |
    |     aspect ratio   | 16-word x 15-bit                    |          |
    |     weA            | connected to signal <GND>           | high     |
    |     addrA          | connected to signal <bcd>           |          |
    |     diA            | connected to signal <GND>           |          |
    |     doA            | connected to signal <ftsd>          |          |
    -----------------------------------------------------------------------
Unit <FTSD_decoder> synthesized (advanced).

Synthesizing (advanced) Unit <clock_generator>.
The following registers are absorbed into counter <count_200K>: 1 register on signal <count_200K>.
The following registers are absorbed into counter <count_20M>: 1 register on signal <count_20M>.
Unit <clock_generator> synthesized (advanced).

=========================================================================
Advanced HDL Synthesis Report

Macro Statistics
# RAMs                                                 : 2
 16x15-bit single-port distributed Read Only RAM       : 2
# Adders/Subtractors                                   : 3
 25-bit adder                                          : 1
 4-bit adder                                           : 2
# Counters                                             : 2
 18-bit up counter                                     : 1
 25-bit up counter                                     : 1
# Registers                                            : 35
 Flip-Flops                                            : 35
# Multiplexers                                         : 7
 19-bit 4-to-1 multiplexer                             : 1
 4-bit 2-to-1 multiplexer                              : 6

=========================================================================

=========================================================================
*                         Low Level Synthesis                           *
=========================================================================
WARNING:Xst:3002 - This design contains one or more registers/latches that are directly
   incompatible with the Spartan6 architecture. The two primary causes of this is
   either a register or latch described with both an asynchronous set and
   asynchronous reset, or a register or latch described with an asynchronous
   set or reset which however has an initialization value of the opposite 
   polarity (i.e. asynchronous reset with an initialization value of 1).
    While this circuit can be built, it creates a sub-optimal implementation
   in terms of area, power and performance. For a more optimal implementation
   Xilinx highly recommends one of the following:

          1) Remove either the set or reset from all registers and latches
             if not needed for required functionality
          2) Modify the code in order to produce a synchronous set
             and/or reset (both is preferred)
          3) Ensure all registers have the same initialization value as the
             described asynchronous set or reset polarity
          4) Use the -async_to_sync option to transform the asynchronous
             set/reset to synchronous operation
             (timing simulation highly recommended when using this option)

  Please refer to http://www.xilinx.com search string "Spartan6 asynchronous set/reset" for more details.

  List of register instances with asynchronous set and reset:
    value_0 in unit <upcounter_unit>
    value_1 in unit <upcounter_unit>
    value_2 in unit <upcounter_unit>
    value_3 in unit <upcounter_unit>


Optimizing unit <frequency_divider> ...

Optimizing unit <electronic_clock> ...

Optimizing unit <clock_generator> ...

Optimizing unit <upcounter_unit> ...
WARNING:Xst:2677 - Node <clk_gen/count_200K_17> of sequential type is unconnected in block <electronic_clock>.
WARNING:Xst:2677 - Node <clk_gen/count_200K_16> of sequential type is unconnected in block <electronic_clock>.
WARNING:Xst:2677 - Node <clk_gen/count_200K_15> of sequential type is unconnected in block <electronic_clock>.
WARNING:Xst:2677 - Node <clk_gen/count_200K_14> of sequential type is unconnected in block <electronic_clock>.
WARNING:Xst:2677 - Node <clk_gen/count_200K_13> of sequential type is unconnected in block <electronic_clock>.
WARNING:Xst:2677 - Node <clk_gen/count_200K_12> of sequential type is unconnected in block <electronic_clock>.
WARNING:Xst:2677 - Node <clk_gen/count_200K_11> of sequential type is unconnected in block <electronic_clock>.
WARNING:Xst:2677 - Node <clk_gen/count_200K_10> of sequential type is unconnected in block <electronic_clock>.
WARNING:Xst:2677 - Node <clk_gen/count_200K_9> of sequential type is unconnected in block <electronic_clock>.
WARNING:Xst:2677 - Node <clk_gen/count_200K_8> of sequential type is unconnected in block <electronic_clock>.
WARNING:Xst:2677 - Node <clk_gen/count_200K_7> of sequential type is unconnected in block <electronic_clock>.
WARNING:Xst:2677 - Node <clk_gen/count_200K_6> of sequential type is unconnected in block <electronic_clock>.
WARNING:Xst:2677 - Node <clk_gen/count_200K_5> of sequential type is unconnected in block <electronic_clock>.
WARNING:Xst:2677 - Node <clk_gen/count_200K_4> of sequential type is unconnected in block <electronic_clock>.
WARNING:Xst:2677 - Node <clk_gen/count_200K_3> of sequential type is unconnected in block <electronic_clock>.
WARNING:Xst:2677 - Node <clk_gen/count_200K_2> of sequential type is unconnected in block <electronic_clock>.
WARNING:Xst:2677 - Node <clk_gen/count_200K_1> of sequential type is unconnected in block <electronic_clock>.
WARNING:Xst:2677 - Node <clk_gen/count_200K_0> of sequential type is unconnected in block <electronic_clock>.
WARNING:Xst:2677 - Node <clk_gen/clk_100> of sequential type is unconnected in block <electronic_clock>.
WARNING:Xst:2677 - Node <freq_div/clk_cnt> of sequential type is unconnected in block <electronic_clock>.
WARNING:Xst:2677 - Node <freq_div/cnt_h_6> of sequential type is unconnected in block <electronic_clock>.
WARNING:Xst:2677 - Node <freq_div/cnt_h_5> of sequential type is unconnected in block <electronic_clock>.
WARNING:Xst:2677 - Node <freq_div/cnt_h_4> of sequential type is unconnected in block <electronic_clock>.
WARNING:Xst:2677 - Node <freq_div/cnt_h_3> of sequential type is unconnected in block <electronic_clock>.
WARNING:Xst:2677 - Node <freq_div/cnt_h_2> of sequential type is unconnected in block <electronic_clock>.
WARNING:Xst:2677 - Node <freq_div/cnt_h_1> of sequential type is unconnected in block <electronic_clock>.
WARNING:Xst:2677 - Node <freq_div/cnt_h_0> of sequential type is unconnected in block <electronic_clock>.
INFO:Xst:2261 - The FF/Latch <clk_gen/count_20M_0> in Unit <electronic_clock> is equivalent to the following FF/Latch, which will be removed : <freq_div/cnt_l_0> 
INFO:Xst:2261 - The FF/Latch <clk_gen/count_20M_1> in Unit <electronic_clock> is equivalent to the following FF/Latch, which will be removed : <freq_div/cnt_l_1> 
INFO:Xst:2261 - The FF/Latch <clk_gen/count_20M_2> in Unit <electronic_clock> is equivalent to the following FF/Latch, which will be removed : <freq_div/cnt_l_2> 
INFO:Xst:2261 - The FF/Latch <clk_gen/count_20M_3> in Unit <electronic_clock> is equivalent to the following FF/Latch, which will be removed : <freq_div/cnt_l_3> 
INFO:Xst:2261 - The FF/Latch <clk_gen/count_20M_4> in Unit <electronic_clock> is equivalent to the following FF/Latch, which will be removed : <freq_div/cnt_l_4> 
INFO:Xst:2261 - The FF/Latch <clk_gen/count_20M_5> in Unit <electronic_clock> is equivalent to the following FF/Latch, which will be removed : <freq_div/cnt_l_5> 
INFO:Xst:2261 - The FF/Latch <clk_gen/count_20M_6> in Unit <electronic_clock> is equivalent to the following FF/Latch, which will be removed : <freq_div/cnt_l_6> 
INFO:Xst:2261 - The FF/Latch <clk_gen/count_20M_7> in Unit <electronic_clock> is equivalent to the following FF/Latch, which will be removed : <freq_div/cnt_l_7> 

Mapping all equations...
Building and optimizing final netlist ...
Found area constraint ratio of 100 (+ 5) on block electronic_clock, actual ratio is 1.

Final Macro Processing ...

=========================================================================
Final Register Report

Macro Statistics
# Registers                                            : 43
 Flip-Flops                                            : 43

=========================================================================

=========================================================================
*                           Partition Report                            *
=========================================================================

Partition Implementation Status
-------------------------------

  No Partitions were found in this design.

-------------------------------

=========================================================================
*                            Design Summary                             *
=========================================================================

Top Level Output File Name         : electronic_clock.ngc

Primitive and Black Box Usage:
------------------------------
# BELS                             : 199
#      GND                         : 1
#      INV                         : 4
#      LUT1                        : 40
#      LUT2                        : 30
#      LUT3                        : 3
#      LUT4                        : 7
#      LUT5                        : 17
#      LUT6                        : 17
#      MUXCY                       : 40
#      MUXF7                       : 5
#      VCC                         : 1
#      XORCY                       : 34
# FlipFlops/Latches                : 43
#      FDC                         : 42
#      FDCE                        : 1
# Clock Buffers                    : 1
#      BUFGP                       : 1
# IO Buffers                       : 20
#      IBUF                        : 1
#      OBUF                        : 19

Device utilization summary:
---------------------------

Selected Device : 6slx16csg324-3 


Slice Logic Utilization: 
 Number of Slice Registers:              43  out of  18224     0%  
 Number of Slice LUTs:                  118  out of   9112     1%  
    Number used as Logic:               118  out of   9112     1%  

Slice Logic Distribution: 
 Number of LUT Flip Flop pairs used:    118
   Number with an unused Flip Flop:      75  out of    118    63%  
   Number with an unused LUT:             0  out of    118     0%  
   Number of fully used LUT-FF pairs:    43  out of    118    36%  
   Number of unique control sets:         3

IO Utilization: 
 Number of IOs:                          22
 Number of bonded IOBs:                  21  out of    232     9%  

Specific Feature Utilization:
 Number of BUFG/BUFGCTRLs:                1  out of     16     6%  

---------------------------
Partition Resource Summary:
---------------------------

  No Partitions were found in this design.

---------------------------


=========================================================================
Timing Report

NOTE: THESE TIMING NUMBERS ARE ONLY A SYNTHESIS ESTIMATE.
      FOR ACCURATE TIMING INFORMATION PLEASE REFER TO THE TRACE REPORT
      GENERATED AFTER PLACE-and-ROUTE.

Clock Information:
------------------
-----------------------------------+---------------------------+-------+
Clock Signal                       | Clock buffer(FF name)     | Load  |
-----------------------------------+---------------------------+-------+
clk                                | BUFGP                     | 35    |
clk_gen/clk_1                      | NONE(cnt_sec/dig0/value_0)| 8     |
-----------------------------------+---------------------------+-------+
INFO:Xst:2169 - HDL ADVISOR - Some clock signals were not automatically buffered by XST with BUFG/BUFR resources. Please use the buffer_type constraint in order to insert these buffers to the clock signals to help prevent skew problems.

Asynchronous Control Signals Information:
----------------------------------------
No asynchronous control signals found in this design

Timing Summary:
---------------
Speed Grade: -3

   Minimum period: 3.956ns (Maximum Frequency: 252.784MHz)
   Minimum input arrival time before clock: 3.884ns
   Maximum output required time after clock: 7.534ns
   Maximum combinational path delay: No path found

Timing Details:
---------------
All values displayed in nanoseconds (ns)

=========================================================================
Timing constraint: Default period analysis for Clock 'clk'
  Clock period: 3.956ns (frequency: 252.784MHz)
  Total number of paths / destination ports: 1093 / 36
-------------------------------------------------------------------------
Delay:               3.956ns (Levels of Logic = 3)
  Source:            clk_gen/count_20M_17 (FF)
  Destination:       clk_gen/count_20M_24 (FF)
  Source Clock:      clk rising
  Destination Clock: clk rising

  Data Path: clk_gen/count_20M_17 to clk_gen/count_20M_24
                                Gate     Net
    Cell:in->out      fanout   Delay   Delay  Logical Name (Net Name)
    ----------------------------------------  ------------
     FDC:C->Q              2   0.447   0.981  clk_gen/count_20M_17 (clk_gen/count_20M_17)
     LUT6:I0->O            3   0.203   0.879  clk_gen/GND_2_o_GND_2_o_equal_1_o<24>4 (clk_gen/GND_2_o_GND_2_o_equal_1_o<24>3)
     LUT6:I3->O           13   0.205   0.933  clk_gen/GND_2_o_GND_2_o_equal_1_o<24>5 (clk_gen/GND_2_o_GND_2_o_equal_1_o)
     LUT2:I1->O            1   0.205   0.000  clk_gen/Mcount_count_20M_eqn_241 (clk_gen/Mcount_count_20M_eqn_24)
     FDC:D                     0.102          clk_gen/count_20M_24
    ----------------------------------------
    Total                      3.956ns (1.162ns logic, 2.794ns route)
                                       (29.4% logic, 70.6% route)

=========================================================================
Timing constraint: Default period analysis for Clock 'clk_gen/clk_1'
  Clock period: 3.669ns (frequency: 272.572MHz)
  Total number of paths / destination ports: 80 / 8
-------------------------------------------------------------------------
Delay:               3.669ns (Levels of Logic = 3)
  Source:            cnt_sec/dig0/value_0 (FF)
  Destination:       cnt_sec/dig0/value_0 (FF)
  Source Clock:      clk_gen/clk_1 rising
  Destination Clock: clk_gen/clk_1 rising

  Data Path: cnt_sec/dig0/value_0 to cnt_sec/dig0/value_0
                                Gate     Net
    Cell:in->out      fanout   Delay   Delay  Logical Name (Net Name)
    ----------------------------------------  ------------
     FDC:C->Q             15   0.447   1.210  cnt_sec/dig0/value_0 (cnt_sec/dig0/value_0)
     LUT3:I0->O            1   0.205   0.580  cnt_sec/load_def<7>_SW0 (N0)
     LUT6:I5->O            5   0.205   0.715  cnt_sec/load_def<7> (cnt_sec/load_def)
     LUT4:I3->O            1   0.205   0.000  cnt_sec/dig0/Mmux_value_tmp31 (cnt_sec/dig0/value_tmp<2>)
     FDC:D                     0.102          cnt_sec/dig0/value_2
    ----------------------------------------
    Total                      3.669ns (1.164ns logic, 2.505ns route)
                                       (31.7% logic, 68.3% route)

=========================================================================
Timing constraint: Default OFFSET IN BEFORE for Clock 'clk'
  Total number of paths / destination ports: 35 / 35
-------------------------------------------------------------------------
Offset:              3.884ns (Levels of Logic = 2)
  Source:            pb_in_rst (PAD)
  Destination:       clk_gen/count_20M_24 (FF)
  Destination Clock: clk rising

  Data Path: pb_in_rst to clk_gen/count_20M_24
                                Gate     Net
    Cell:in->out      fanout   Delay   Delay  Logical Name (Net Name)
    ----------------------------------------  ------------
     IBUF:I->O             1   1.222   0.579  pb_in_rst_IBUF (pb_in_rst_IBUF)
     INV:I->O             43   0.206   1.448  rst1_INV_0 (rst)
     FDCE:CLR                  0.430          clk_gen/clk_1
    ----------------------------------------
    Total                      3.884ns (1.858ns logic, 2.026ns route)
                                       (47.8% logic, 52.2% route)

=========================================================================
Timing constraint: Default OFFSET IN BEFORE for Clock 'clk_gen/clk_1'
  Total number of paths / destination ports: 8 / 8
-------------------------------------------------------------------------
Offset:              3.884ns (Levels of Logic = 2)
  Source:            pb_in_rst (PAD)
  Destination:       cnt_sec/dig0/value_0 (FF)
  Destination Clock: clk_gen/clk_1 rising

  Data Path: pb_in_rst to cnt_sec/dig0/value_0
                                Gate     Net
    Cell:in->out      fanout   Delay   Delay  Logical Name (Net Name)
    ----------------------------------------  ------------
     IBUF:I->O             1   1.222   0.579  pb_in_rst_IBUF (pb_in_rst_IBUF)
     INV:I->O             43   0.206   1.448  rst1_INV_0 (rst)
     FDC:CLR                   0.430          cnt_sec/dig0/value_0
    ----------------------------------------
    Total                      3.884ns (1.858ns logic, 2.026ns route)
                                       (47.8% logic, 52.2% route)

=========================================================================
Timing constraint: Default OFFSET OUT AFTER for Clock 'clk'
  Total number of paths / destination ports: 75 / 19
-------------------------------------------------------------------------
Offset:              7.534ns (Levels of Logic = 5)
  Source:            freq_div/clk_scn_1 (FF)
  Destination:       display<7> (PAD)
  Source Clock:      clk rising

  Data Path: freq_div/clk_scn_1 to display<7>
                                Gate     Net
    Cell:in->out      fanout   Delay   Delay  Logical Name (Net Name)
    ----------------------------------------  ------------
     FDC:C->Q             25   0.447   1.440  freq_div/clk_scn_1 (freq_div/clk_scn_1)
     LUT4:I0->O            4   0.203   0.788  ftsd_scn/Mmux_display18211 (ftsd_scn/Mmux_display1821)
     LUT6:I4->O            1   0.203   0.000  ftsd_scn/Mmux_display1823_G (N15)
     MUXF7:I1->O           2   0.140   0.961  ftsd_scn/Mmux_display1823 (ftsd_scn/Mmux_display182)
     LUT5:I0->O            1   0.203   0.579  ftsd_scn/Mmux_display171 (display_7_OBUF)
     OBUF:I->O                 2.571          display_7_OBUF (display<7>)
    ----------------------------------------
    Total                      7.534ns (3.767ns logic, 3.767ns route)
                                       (50.0% logic, 50.0% route)

=========================================================================
Timing constraint: Default OFFSET OUT AFTER for Clock 'clk_gen/clk_1'
  Total number of paths / destination ports: 125 / 10
-------------------------------------------------------------------------
Offset:              7.283ns (Levels of Logic = 5)
  Source:            cnt_sec/dig1/value_3 (FF)
  Destination:       display<7> (PAD)
  Source Clock:      clk_gen/clk_1 rising

  Data Path: cnt_sec/dig1/value_3 to display<7>
                                Gate     Net
    Cell:in->out      fanout   Delay   Delay  Logical Name (Net Name)
    ----------------------------------------  ------------
     FDC:C->Q             14   0.447   1.186  cnt_sec/dig1/value_3 (cnt_sec/dig1/value_3)
     LUT4:I1->O            4   0.205   0.788  ftsd_scn/Mmux_display18211 (ftsd_scn/Mmux_display1821)
     LUT6:I4->O            1   0.203   0.000  ftsd_scn/Mmux_display1823_G (N15)
     MUXF7:I1->O           2   0.140   0.961  ftsd_scn/Mmux_display1823 (ftsd_scn/Mmux_display182)
     LUT5:I0->O            1   0.203   0.579  ftsd_scn/Mmux_display171 (display_7_OBUF)
     OBUF:I->O                 2.571          display_7_OBUF (display<7>)
    ----------------------------------------
    Total                      7.283ns (3.769ns logic, 3.514ns route)
                                       (51.8% logic, 48.2% route)

=========================================================================

Cross Clock Domains Report:
--------------------------

Clock to Setup on destination clock clk
---------------+---------+---------+---------+---------+
               | Src:Rise| Src:Fall| Src:Rise| Src:Fall|
Source Clock   |Dest:Rise|Dest:Rise|Dest:Fall|Dest:Fall|
---------------+---------+---------+---------+---------+
clk            |    3.956|         |         |         |
---------------+---------+---------+---------+---------+

Clock to Setup on destination clock clk_gen/clk_1
---------------+---------+---------+---------+---------+
               | Src:Rise| Src:Fall| Src:Rise| Src:Fall|
Source Clock   |Dest:Rise|Dest:Rise|Dest:Fall|Dest:Fall|
---------------+---------+---------+---------+---------+
clk_gen/clk_1  |    3.669|         |         |         |
---------------+---------+---------+---------+---------+

=========================================================================


Total REAL time to Xst completion: 23.00 secs
Total CPU time to Xst completion: 23.53 secs
 
--> 

Total memory usage is 219192 kilobytes

Number of errors   :    0 (   0 filtered)
Number of warnings :   34 (   0 filtered)
Number of infos    :   13 (   0 filtered)

