Release 14.7 - xst P.20131013 (nt64)
Copyright (c) 1995-2013 Xilinx, Inc.  All rights reserved.
--> Parameter TMPDIR set to xst/projnav.tmp


Total REAL time to Xst completion: 0.00 secs
Total CPU time to Xst completion: 0.10 secs
 
--> Parameter xsthdpdir set to xst


Total REAL time to Xst completion: 0.00 secs
Total CPU time to Xst completion: 0.10 secs
 
--> Reading design: electronic_clock.prj

TABLE OF CONTENTS
  1) Synthesis Options Summary
  2) HDL Parsing
  3) HDL Elaboration
  4) HDL Synthesis
       4.1) HDL Synthesis Report
  5) Advanced HDL Synthesis
       5.1) Advanced HDL Synthesis Report
  6) Low Level Synthesis
  7) Partition Report
  8) Design Summary
       8.1) Primitive and Black Box Usage
       8.2) Device utilization summary
       8.3) Partition Resource Summary
       8.4) Timing Report
            8.4.1) Clock Information
            8.4.2) Asynchronous Control Signals Information
            8.4.3) Timing Summary
            8.4.4) Timing Details
            8.4.5) Cross Clock Domains Report


=========================================================================
*                      Synthesis Options Summary                        *
=========================================================================
---- Source Parameters
Input File Name                    : "electronic_clock.prj"
Ignore Synthesis Constraint File   : NO

---- Target Parameters
Output File Name                   : "electronic_clock"
Output Format                      : NGC
Target Device                      : xc6slx16-3-csg324

---- Source Options
Top Module Name                    : electronic_clock
Automatic FSM Extraction           : YES
FSM Encoding Algorithm             : Auto
Safe Implementation                : No
FSM Style                          : LUT
RAM Extraction                     : Yes
RAM Style                          : Auto
ROM Extraction                     : Yes
Shift Register Extraction          : YES
ROM Style                          : Auto
Resource Sharing                   : YES
Asynchronous To Synchronous        : NO
Shift Register Minimum Size        : 2
Use DSP Block                      : Auto
Automatic Register Balancing       : No

---- Target Options
LUT Combining                      : Auto
Reduce Control Sets                : Auto
Add IO Buffers                     : YES
Global Maximum Fanout              : 100000
Add Generic Clock Buffer(BUFG)     : 16
Register Duplication               : YES
Optimize Instantiated Primitives   : NO
Use Clock Enable                   : Auto
Use Synchronous Set                : Auto
Use Synchronous Reset              : Auto
Pack IO Registers into IOBs        : Auto
Equivalent register Removal        : YES

---- General Options
Optimization Goal                  : Speed
Optimization Effort                : 1
Power Reduction                    : NO
Keep Hierarchy                     : No
Netlist Hierarchy                  : As_Optimized
RTL Output                         : Yes
Global Optimization                : AllClockNets
Read Cores                         : YES
Write Timing Constraints           : NO
Cross Clock Analysis               : NO
Hierarchy Separator                : /
Bus Delimiter                      : <>
Case Specifier                     : Maintain
Slice Utilization Ratio            : 100
BRAM Utilization Ratio             : 100
DSP48 Utilization Ratio            : 100
Auto BRAM Packing                  : NO
Slice Utilization Ratio Delta      : 5

=========================================================================


=========================================================================
*                          HDL Parsing                                  *
=========================================================================
Analyzing Verilog file "D:\Programming\EE2230\Lab7_1\upcounter_unit.v" into library work
Parsing verilog file "global.v" included at line 7.
Parsing module <upcounter_unit>.
Analyzing Verilog file "D:\Programming\EE2230\Lab7_1\upcounter_tens.v" into library work
Parsing verilog file "global.v" included at line 21.
Parsing module <upcounter_tens>.
Analyzing Verilog file "D:\Programming\EE2230\Lab7_1\FTSD_scan.v" into library work
Parsing verilog file "global.v" included at line 7.
Parsing module <FTSD_scan>.
Analyzing Verilog file "D:\Programming\EE2230\Lab7_1\FTSD_decoder.v" into library work
Parsing verilog file "global.v" included at line 7.
Parsing module <FTSD_decoder>.
Analyzing Verilog file "D:\Programming\EE2230\Lab7_1\frequency_divider.v" into library work
Parsing verilog file "global.v" included at line 7.
Parsing module <frequency_divider>.
Analyzing Verilog file "D:\Programming\EE2230\Lab7_1\clock_generator.v" into library work
Parsing verilog file "global.v" included at line 9.
Parsing module <clock_generator>.
Analyzing Verilog file "D:\Programming\EE2230\Lab7_1\electronic_clock.v" into library work
Parsing verilog file "global.v" included at line 7.
Parsing module <electronic_clock>.

=========================================================================
*                            HDL Elaboration                            *
=========================================================================

Elaborating module <electronic_clock>.

Elaborating module <clock_generator>.
WARNING:HDLCompiler:1127 - "D:\Programming\EE2230\Lab7_1\electronic_clock.v" Line 42: Assignment to clk_1hz ignored, since the identifier is never used
WARNING:HDLCompiler:1127 - "D:\Programming\EE2230\Lab7_1\electronic_clock.v" Line 43: Assignment to clk_100hz ignored, since the identifier is never used

Elaborating module <frequency_divider>.

Elaborating module <upcounter_tens>.

Elaborating module <upcounter_unit>.
WARNING:HDLCompiler:1127 - "D:\Programming\EE2230\Lab7_1\upcounter_tens.v" Line 72: Assignment to cout_d1 ignored, since the identifier is never used
WARNING:HDLCompiler:1127 - "D:\Programming\EE2230\Lab7_1\electronic_clock.v" Line 54: Assignment to sec ignored, since the identifier is never used

Elaborating module <FTSD_decoder>.

Elaborating module <FTSD_scan>.
WARNING:Xst:2972 - "D:\Programming\EE2230\Lab7_1\electronic_clock.v" line 39. All outputs of instance <clk_gen> of block <clock_generator> are unconnected in block <electronic_clock>. Underlying logic will be removed.

=========================================================================
*                           HDL Synthesis                               *
=========================================================================

Synthesizing Unit <electronic_clock>.
    Related source file is "D:\Programming\EE2230\Lab7_1\electronic_clock.v".
WARNING:Xst:647 - Input <hours_switch> is never used. This port will be preserved and left unconnected if it belongs to a top-level block or it belongs to a sub-block and the hierarchy of this sub-block is preserved.
INFO:Xst:3210 - "D:\Programming\EE2230\Lab7_1\electronic_clock.v" line 39: Output port <clk_1> of the instance <clk_gen> is unconnected or connected to loadless signal.
INFO:Xst:3210 - "D:\Programming\EE2230\Lab7_1\electronic_clock.v" line 39: Output port <clk_100> of the instance <clk_gen> is unconnected or connected to loadless signal.
INFO:Xst:3210 - "D:\Programming\EE2230\Lab7_1\electronic_clock.v" line 46: Output port <clk_cnt> of the instance <freq_div> is unconnected or connected to loadless signal.
INFO:Xst:3210 - "D:\Programming\EE2230\Lab7_1\electronic_clock.v" line 53: Output port <cnt> of the instance <cnt_sec> is unconnected or connected to loadless signal.
    Summary:
	no macro.
Unit <electronic_clock> synthesized.

Synthesizing Unit <frequency_divider>.
    Related source file is "D:\Programming\EE2230\Lab7_1\frequency_divider.v".
    Found 2-bit register for signal <clk_scn>.
    Found 7-bit register for signal <cnt_h>.
    Found 15-bit register for signal <cnt_l>.
    Found 1-bit register for signal <clk_cnt>.
    Found 25-bit adder for signal <cnt_tmp> created at line 28.
    Summary:
	inferred   1 Adder/Subtractor(s).
	inferred  25 D-type flip-flop(s).
Unit <frequency_divider> synthesized.

Synthesizing Unit <upcounter_tens>.
    Related source file is "D:\Programming\EE2230\Lab7_1\upcounter_tens.v".
INFO:Xst:3210 - "D:\Programming\EE2230\Lab7_1\upcounter_tens.v" line 70: Output port <carry> of the instance <dig1> is unconnected or connected to loadless signal.
    Found 8-bit comparator equal for signal <load_def> created at line 47
    Summary:
	inferred   1 Comparator(s).
Unit <upcounter_tens> synthesized.

Synthesizing Unit <upcounter_unit>.
    Related source file is "D:\Programming\EE2230\Lab7_1\upcounter_unit.v".
    Found 1-bit register for signal <value<3>>.
    Found 1-bit register for signal <value<2>>.
    Found 1-bit register for signal <value<1>>.
    Found 1-bit register for signal <value<0>>.
    Found 4-bit adder for signal <value[3]_GND_5_o_add_4_OUT> created at line 41.
    Summary:
	inferred   1 Adder/Subtractor(s).
	inferred   4 D-type flip-flop(s).
	inferred   3 Multiplexer(s).
Unit <upcounter_unit> synthesized.

Synthesizing Unit <FTSD_decoder>.
    Related source file is "D:\Programming\EE2230\Lab7_1\FTSD_decoder.v".
    Found 16x15-bit Read Only RAM for signal <ftsd>
    Summary:
	inferred   1 RAM(s).
Unit <FTSD_decoder> synthesized.

Synthesizing Unit <FTSD_scan>.
    Related source file is "D:\Programming\EE2230\Lab7_1\FTSD_scan.v".
    Found 19-bit 4-to-1 multiplexer for signal <display> created at line 24.
    Summary:
	inferred   1 Multiplexer(s).
Unit <FTSD_scan> synthesized.

=========================================================================
HDL Synthesis Report

Macro Statistics
# RAMs                                                 : 4
 16x15-bit single-port Read Only RAM                   : 4
# Adders/Subtractors                                   : 7
 25-bit adder                                          : 1
 4-bit adder                                           : 6
# Registers                                            : 28
 1-bit register                                        : 25
 15-bit register                                       : 1
 2-bit register                                        : 1
 7-bit register                                        : 1
# Comparators                                          : 3
 8-bit comparator equal                                : 3
# Multiplexers                                         : 19
 19-bit 4-to-1 multiplexer                             : 1
 4-bit 2-to-1 multiplexer                              : 18

=========================================================================

=========================================================================
*                       Advanced HDL Synthesis                          *
=========================================================================


Synthesizing (advanced) Unit <FTSD_decoder>.
INFO:Xst:3218 - HDL ADVISOR - The RAM <Mram_ftsd> will be implemented on LUTs either because you have described an asynchronous read or because of currently unsupported block RAM features. If you have described an asynchronous read, making it synchronous would allow you to take advantage of available block RAM resources, for optimized device usage and improved timings. Please refer to your documentation for coding guidelines.
    -----------------------------------------------------------------------
    | ram_type           | Distributed                         |          |
    -----------------------------------------------------------------------
    | Port A                                                              |
    |     aspect ratio   | 16-word x 15-bit                    |          |
    |     weA            | connected to signal <GND>           | high     |
    |     addrA          | connected to signal <bcd>           |          |
    |     diA            | connected to signal <GND>           |          |
    |     doA            | connected to signal <ftsd>          |          |
    -----------------------------------------------------------------------
Unit <FTSD_decoder> synthesized (advanced).

=========================================================================
Advanced HDL Synthesis Report

Macro Statistics
# RAMs                                                 : 4
 16x15-bit single-port distributed Read Only RAM       : 4
# Adders/Subtractors                                   : 7
 25-bit adder                                          : 1
 4-bit adder                                           : 6
# Registers                                            : 49
 Flip-Flops                                            : 49
# Comparators                                          : 3
 8-bit comparator equal                                : 3
# Multiplexers                                         : 19
 19-bit 4-to-1 multiplexer                             : 1
 4-bit 2-to-1 multiplexer                              : 18

=========================================================================

=========================================================================
*                         Low Level Synthesis                           *
=========================================================================
WARNING:Xst:3002 - This design contains one or more registers/latches that are directly
   incompatible with the Spartan6 architecture. The two primary causes of this is
   either a register or latch described with both an asynchronous set and
   asynchronous reset, or a register or latch described with an asynchronous
   set or reset which however has an initialization value of the opposite 
   polarity (i.e. asynchronous reset with an initialization value of 1).
    While this circuit can be built, it creates a sub-optimal implementation
   in terms of area, power and performance. For a more optimal implementation
   Xilinx highly recommends one of the following:

          1) Remove either the set or reset from all registers and latches
             if not needed for required functionality
          2) Modify the code in order to produce a synchronous set
             and/or reset (both is preferred)
          3) Ensure all registers have the same initialization value as the
             described asynchronous set or reset polarity
          4) Use the -async_to_sync option to transform the asynchronous
             set/reset to synchronous operation
             (timing simulation highly recommended when using this option)

  Please refer to http://www.xilinx.com search string "Spartan6 asynchronous set/reset" for more details.

  List of register instances with asynchronous set and reset:
    value_0 in unit <upcounter_unit>
    value_1 in unit <upcounter_unit>
    value_2 in unit <upcounter_unit>
    value_3 in unit <upcounter_unit>


Optimizing unit <frequency_divider> ...

Optimizing unit <electronic_clock> ...

Optimizing unit <upcounter_unit> ...
WARNING:Xst:2677 - Node <freq_div/clk_cnt> of sequential type is unconnected in block <electronic_clock>.
WARNING:Xst:2677 - Node <freq_div/cnt_h_6> of sequential type is unconnected in block <electronic_clock>.
WARNING:Xst:2677 - Node <freq_div/cnt_h_5> of sequential type is unconnected in block <electronic_clock>.
WARNING:Xst:2677 - Node <freq_div/cnt_h_4> of sequential type is unconnected in block <electronic_clock>.
WARNING:Xst:2677 - Node <freq_div/cnt_h_3> of sequential type is unconnected in block <electronic_clock>.
WARNING:Xst:2677 - Node <freq_div/cnt_h_2> of sequential type is unconnected in block <electronic_clock>.
WARNING:Xst:2677 - Node <freq_div/cnt_h_1> of sequential type is unconnected in block <electronic_clock>.
WARNING:Xst:2677 - Node <freq_div/cnt_h_0> of sequential type is unconnected in block <electronic_clock>.

Mapping all equations...
Building and optimizing final netlist ...
Found area constraint ratio of 100 (+ 5) on block electronic_clock, actual ratio is 1.

Final Macro Processing ...

=========================================================================
Final Register Report

Macro Statistics
# Registers                                            : 41
 Flip-Flops                                            : 41

=========================================================================

=========================================================================
*                           Partition Report                            *
=========================================================================

Partition Implementation Status
-------------------------------

  No Partitions were found in this design.

-------------------------------

=========================================================================
*                            Design Summary                             *
=========================================================================

Top Level Output File Name         : electronic_clock.ngc

Primitive and Black Box Usage:
------------------------------
# BELS                             : 151
#      GND                         : 1
#      INV                         : 3
#      LUT1                        : 16
#      LUT2                        : 8
#      LUT3                        : 12
#      LUT4                        : 18
#      LUT5                        : 10
#      LUT6                        : 42
#      MUXCY                       : 16
#      MUXF7                       : 7
#      VCC                         : 1
#      XORCY                       : 17
# FlipFlops/Latches                : 41
#      FDC                         : 41
# Clock Buffers                    : 2
#      BUFG                        : 1
#      BUFGP                       : 1
# IO Buffers                       : 23
#      IBUF                        : 1
#      OBUF                        : 22

Device utilization summary:
---------------------------

Selected Device : 6slx16csg324-3 


Slice Logic Utilization: 
 Number of Slice Registers:              41  out of  18224     0%  
 Number of Slice LUTs:                  109  out of   9112     1%  
    Number used as Logic:               109  out of   9112     1%  

Slice Logic Distribution: 
 Number of LUT Flip Flop pairs used:    109
   Number with an unused Flip Flop:      68  out of    109    62%  
   Number with an unused LUT:             0  out of    109     0%  
   Number of fully used LUT-FF pairs:    41  out of    109    37%  
   Number of unique control sets:         2

IO Utilization: 
 Number of IOs:                          38
 Number of bonded IOBs:                  24  out of    232    10%  

Specific Feature Utilization:
 Number of BUFG/BUFGCTRLs:                2  out of     16    12%  

---------------------------
Partition Resource Summary:
---------------------------

  No Partitions were found in this design.

---------------------------


=========================================================================
Timing Report

NOTE: THESE TIMING NUMBERS ARE ONLY A SYNTHESIS ESTIMATE.
      FOR ACCURATE TIMING INFORMATION PLEASE REFER TO THE TRACE REPORT
      GENERATED AFTER PLACE-and-ROUTE.

Clock Information:
------------------
-----------------------------------+------------------------+-------+
Clock Signal                       | Clock buffer(FF name)  | Load  |
-----------------------------------+------------------------+-------+
clk                                | BUFGP                  | 17    |
freq_div/clk_scn_0                 | BUFG                   | 24    |
-----------------------------------+------------------------+-------+

Asynchronous Control Signals Information:
----------------------------------------
No asynchronous control signals found in this design

Timing Summary:
---------------
Speed Grade: -3

   Minimum period: 3.959ns (Maximum Frequency: 252.560MHz)
   Minimum input arrival time before clock: 3.856ns
   Maximum output required time after clock: 7.668ns
   Maximum combinational path delay: No path found

Timing Details:
---------------
All values displayed in nanoseconds (ns)

=========================================================================
Timing constraint: Default period analysis for Clock 'clk'
  Clock period: 2.199ns (frequency: 454.700MHz)
  Total number of paths / destination ports: 153 / 17
-------------------------------------------------------------------------
Delay:               2.199ns (Levels of Logic = 3)
  Source:            freq_div/clk_scn_0 (FF)
  Destination:       freq_div/clk_scn_1 (FF)
  Source Clock:      clk rising
  Destination Clock: clk rising

  Data Path: freq_div/clk_scn_0 to freq_div/clk_scn_1
                                Gate     Net
    Cell:in->out      fanout   Delay   Delay  Logical Name (Net Name)
    ----------------------------------------  ------------
     FDC:C->Q             20   0.447   1.093  freq_div/clk_scn_0 (freq_div/clk_scn_0)
     LUT1:I0->O            1   0.205   0.000  freq_div/Madd_cnt_tmp_cy<15>_rt (freq_div/Madd_cnt_tmp_cy<15>_rt)
     MUXCY:S->O            0   0.172   0.000  freq_div/Madd_cnt_tmp_cy<15> (freq_div/Madd_cnt_tmp_cy<15>)
     XORCY:CI->O           1   0.180   0.000  freq_div/Madd_cnt_tmp_xor<16> (freq_div/cnt_tmp<16>)
     FDC:D                     0.102          freq_div/clk_scn_1
    ----------------------------------------
    Total                      2.199ns (1.106ns logic, 1.093ns route)
                                       (50.3% logic, 49.7% route)

=========================================================================
Timing constraint: Default period analysis for Clock 'freq_div/clk_scn_0'
  Clock period: 3.959ns (frequency: 252.560MHz)
  Total number of paths / destination ports: 467 / 24
-------------------------------------------------------------------------
Delay:               3.959ns (Levels of Logic = 3)
  Source:            cnt_min/dig1/value_1 (FF)
  Destination:       cnt_min/dig1/value_1 (FF)
  Source Clock:      freq_div/clk_scn_0 rising
  Destination Clock: freq_div/clk_scn_0 rising

  Data Path: cnt_min/dig1/value_1 to cnt_min/dig1/value_1
                                Gate     Net
    Cell:in->out      fanout   Delay   Delay  Logical Name (Net Name)
    ----------------------------------------  ------------
     FDC:C->Q             14   0.447   1.186  cnt_min/dig1/value_1 (cnt_min/dig1/value_1)
     LUT3:I0->O            3   0.205   0.651  led<1>_SW0 (N4)
     LUT6:I5->O           14   0.205   0.958  led<1> (led_1_OBUF)
     LUT3:I2->O            1   0.205   0.000  cnt_min/dig0/Mmux_value_tmp11 (cnt_min/dig0/value_tmp<0>)
     FDC:D                     0.102          cnt_min/dig0/value_0
    ----------------------------------------
    Total                      3.959ns (1.164ns logic, 2.795ns route)
                                       (29.4% logic, 70.6% route)

=========================================================================
Timing constraint: Default OFFSET IN BEFORE for Clock 'clk'
  Total number of paths / destination ports: 17 / 17
-------------------------------------------------------------------------
Offset:              3.856ns (Levels of Logic = 2)
  Source:            pb_in_rst (PAD)
  Destination:       freq_div/clk_scn_1 (FF)
  Destination Clock: clk rising

  Data Path: pb_in_rst to freq_div/clk_scn_1
                                Gate     Net
    Cell:in->out      fanout   Delay   Delay  Logical Name (Net Name)
    ----------------------------------------  ------------
     IBUF:I->O             1   1.222   0.579  pb_in_rst_IBUF (pb_in_rst_IBUF)
     INV:I->O             41   0.206   1.419  rst1_INV_0 (rst)
     FDC:CLR                   0.430          freq_div/cnt_l_0
    ----------------------------------------
    Total                      3.856ns (1.858ns logic, 1.998ns route)
                                       (48.2% logic, 51.8% route)

=========================================================================
Timing constraint: Default OFFSET IN BEFORE for Clock 'freq_div/clk_scn_0'
  Total number of paths / destination ports: 24 / 24
-------------------------------------------------------------------------
Offset:              3.856ns (Levels of Logic = 2)
  Source:            pb_in_rst (PAD)
  Destination:       cnt_sec/dig1/value_0 (FF)
  Destination Clock: freq_div/clk_scn_0 rising

  Data Path: pb_in_rst to cnt_sec/dig1/value_0
                                Gate     Net
    Cell:in->out      fanout   Delay   Delay  Logical Name (Net Name)
    ----------------------------------------  ------------
     IBUF:I->O             1   1.222   0.579  pb_in_rst_IBUF (pb_in_rst_IBUF)
     INV:I->O             41   0.206   1.419  rst1_INV_0 (rst)
     FDC:CLR                   0.430          cnt_sec/dig1/value_0
    ----------------------------------------
    Total                      3.856ns (1.858ns logic, 1.998ns route)
                                       (48.2% logic, 51.8% route)

=========================================================================
Timing constraint: Default OFFSET OUT AFTER for Clock 'clk'
  Total number of paths / destination ports: 46 / 14
-------------------------------------------------------------------------
Offset:              7.203ns (Levels of Logic = 4)
  Source:            freq_div/clk_scn_1 (FF)
  Destination:       display<7> (PAD)
  Source Clock:      clk rising

  Data Path: freq_div/clk_scn_1 to display<7>
                                Gate     Net
    Cell:in->out      fanout   Delay   Delay  Logical Name (Net Name)
    ----------------------------------------  ------------
     FDC:C->Q             20   0.447   1.321  freq_div/clk_scn_1 (freq_div/clk_scn_1)
     LUT3:I0->O            2   0.205   0.864  ftsd_scn/Mmux_display12121 (ftsd_scn/Mmux_display1212)
     LUT6:I2->O            1   0.203   0.808  ftsd_scn/Mmux_display124_SW0 (N41)
     LUT5:I2->O            1   0.205   0.579  ftsd_scn/Mmux_display124 (display_7_OBUF)
     OBUF:I->O                 2.571          display_7_OBUF (display<7>)
    ----------------------------------------
    Total                      7.203ns (3.631ns logic, 3.572ns route)
                                       (50.4% logic, 49.6% route)

=========================================================================
Timing constraint: Default OFFSET OUT AFTER for Clock 'freq_div/clk_scn_0'
  Total number of paths / destination ports: 208 / 13
-------------------------------------------------------------------------
Offset:              7.668ns (Levels of Logic = 5)
  Source:            cnt_min/dig0/value_2 (FF)
  Destination:       display<8> (PAD)
  Source Clock:      freq_div/clk_scn_0 rising

  Data Path: cnt_min/dig0/value_2 to display<8>
                                Gate     Net
    Cell:in->out      fanout   Delay   Delay  Logical Name (Net Name)
    ----------------------------------------  ------------
     FDC:C->Q             16   0.447   1.109  cnt_min/dig0/value_2 (cnt_min/dig0/value_2)
     LUT2:I0->O            2   0.203   0.721  ftsd_dec_D/Mram_ftsd811 (ftsd_dec_D/Mram_ftsd81)
     LUT6:I4->O            2   0.203   0.845  ftsd_scn/Mmux_display12111 (ftsd_scn/Mmux_display1211)
     LUT6:I3->O            1   0.205   0.580  ftsd_scn/Mmux_display133 (ftsd_scn/Mmux_display133)
     LUT6:I5->O            1   0.205   0.579  ftsd_scn/Mmux_display134 (display_8_OBUF)
     OBUF:I->O                 2.571          display_8_OBUF (display<8>)
    ----------------------------------------
    Total                      7.668ns (3.834ns logic, 3.834ns route)
                                       (50.0% logic, 50.0% route)

=========================================================================

Cross Clock Domains Report:
--------------------------

Clock to Setup on destination clock clk
---------------+---------+---------+---------+---------+
               | Src:Rise| Src:Fall| Src:Rise| Src:Fall|
Source Clock   |Dest:Rise|Dest:Rise|Dest:Fall|Dest:Fall|
---------------+---------+---------+---------+---------+
clk            |    2.199|         |         |         |
---------------+---------+---------+---------+---------+

Clock to Setup on destination clock freq_div/clk_scn_0
------------------+---------+---------+---------+---------+
                  | Src:Rise| Src:Fall| Src:Rise| Src:Fall|
Source Clock      |Dest:Rise|Dest:Rise|Dest:Fall|Dest:Fall|
------------------+---------+---------+---------+---------+
freq_div/clk_scn_0|    3.959|         |         |         |
------------------+---------+---------+---------+---------+

=========================================================================


Total REAL time to Xst completion: 4.00 secs
Total CPU time to Xst completion: 4.33 secs
 
--> 

Total memory usage is 223584 kilobytes

Number of errors   :    0 (   0 filtered)
Number of warnings :   15 (   0 filtered)
Number of infos    :    6 (   0 filtered)

